---
source: tests/integration_test.rs
expression: result
---
<Type         "type"        [1]>
<Less         "<"           [1]>
<Identifier   "T"           [1]>
<Comma        ","           [1]>
<Identifier   "S"           [1]>
<Greater      ">"           [1]>
<Identifier   "s"           [1]>
<Struct       "struct"      [1]>
<LeftBrace    "{"           [1]>
<Identifier   "i"           [2]>
<Colon        ":"           [2]>
<Identifier   "T"           [2]>
<Comma        ","           [2]>
<Identifier   "j"           [3]>
<Colon        ":"           [3]>
<Identifier   "S"           [3]>
<RightBrace   "}"           [4]>
<Semicolon    ";"           [4]>
<Fun          "fn"          [6]>
<Identifier   "main"        [6]>
<LeftParen    "("           [6]>
<RightParen   ")"           [6]>
<RightArrow   "->"          [6]>
<SimpleType   "int"         [6]>
<LeftBrace    "{"           [6]>
<Var          "let"         [7]>
<Identifier   "s_conc"      [7]>
<Colon        ":"           [7]>
<Struct       "struct"      [7]>
<Identifier   "s"           [7]>
<Equal        "="           [7]>
<Struct       "struct"      [7]>
<Identifier   "s"           [7]>
<LeftBrace    "{"           [7]>
<Identifier   "i"           [7]>
<Colon        ":"           [7]>
<Number       "6.2"         [7]>
<Comma        ","           [7]>
<Identifier   "j"           [7]>
<Colon        ":"           [7]>
<Number       "0.0"         [7]>
<RightBrace   "}"           [7]>
<Semicolon    ";"           [7]>
<Var          "let"         [8]>
<Identifier   "s_conc2"     [8]>
<Colon        ":"           [8]>
<Struct       "struct"      [8]>
<Identifier   "s"           [8]>
<Less         "<"           [8]>
<SimpleType   "int"         [8]>
<Comma        ","           [8]>
<SimpleType   "float"       [8]>
<Greater      ">"           [8]>
<Semicolon    ";"           [8]>
<Identifier   "s_conc2"     [9]>
<Dot          "."           [9]>
<Identifier   "i"           [9]>
<Equal        "="           [9]>
<Number       "6"           [9]>
<Semicolon    ";"           [9]>
<Return       "return"      [10]>
<Identifier   "s_conc2"     [10]>
<Dot          "."           [10]>
<Identifier   "i"           [10]>
<Semicolon    ";"           [10]>
<RightBrace   "}"           [11]>
<Eof          ""            [11]>
