---
source: tests/integration_test.rs
expression: result
---
[line   11] Function Declaration: matMult
[line   11] ╰─── Function Expression:
[line   11]      ├─── Name: matMult
[line   11]      ├─── Return Type: struct twoxtwomatrix { a: struct twovec { x: int, y: int, }, b: struct twovec { x: int, y: int, }, }
[line   11]      ├─── Params:
[line   11]      │    ├─── ma: *struct twoxtwomatrix { a: struct twovec { x: int, y: int, }, b: struct twovec { x: int, y: int, }, }
[line   11]      │    ╰─── mb: *struct twoxtwomatrix { a: struct twovec { x: int, y: int, }, b: struct twovec { x: int, y: int, }, }
[line   11]      ╰─── Body: 
[line   11]           ╰─── Return:
[line   12]                ╰─── StructInitializer: struct twoxtwomatrix {a: struct twovec { x: int, y: int, }, b: struct twovec { x: int, y: int, }, }
[line   12]                     ├───  a: 
[line   13]                     │    ╰─── StructInitializer: struct twovec {x: int, y: int, }
[line   13]                     │         ├───  x: 
[line   14]                     │         │    ╰─── Binary: Plus
[line   14]                     │         │         ├─── Binary: Star
[line   14]                     │         │         │    ├─── Get: "x"
[line   14]                     │         │         │    │    ╰─── Get: "a"
[line   14]                     │         │         │    │         ╰─── Deref: 
[line   14]                     │         │         │    │              ╰─── Variable: ma
[line   14]                     │         │         │    ╰─── Get: "x"
[line   14]                     │         │         │         ╰─── Get: "a"
[line   14]                     │         │         │              ╰─── Deref: 
[line   14]                     │         │         │                   ╰─── Variable: mb
[line   14]                     │         │         ╰─── Binary: Star
[line   14]                     │         │              ├─── Get: "y"
[line   14]                     │         │              │    ╰─── Get: "a"
[line   14]                     │         │              │         ╰─── Deref: 
[line   14]                     │         │              │              ╰─── Variable: ma
[line   14]                     │         │              ╰─── Get: "x"
[line   14]                     │         │                   ╰─── Get: "b"
[line   14]                     │         │                        ╰─── Deref: 
[line   14]                     │         │                             ╰─── Variable: mb
[line   13]                     │         ╰───  y: 
[line   15]                     │              ╰─── Binary: Plus
[line   15]                     │                   ├─── Binary: Star
[line   15]                     │                   │    ├─── Get: "x"
[line   15]                     │                   │    │    ╰─── Get: "a"
[line   15]                     │                   │    │         ╰─── Deref: 
[line   15]                     │                   │    │              ╰─── Variable: ma
[line   15]                     │                   │    ╰─── Get: "y"
[line   15]                     │                   │         ╰─── Get: "a"
[line   15]                     │                   │              ╰─── Deref: 
[line   15]                     │                   │                   ╰─── Variable: mb
[line   15]                     │                   ╰─── Binary: Star
[line   15]                     │                        ├─── Get: "y"
[line   15]                     │                        │    ╰─── Get: "a"
[line   15]                     │                        │         ╰─── Deref: 
[line   15]                     │                        │              ╰─── Variable: ma
[line   15]                     │                        ╰─── Get: "y"
[line   15]                     │                             ╰─── Get: "b"
[line   15]                     │                                  ╰─── Deref: 
[line   15]                     │                                       ╰─── Variable: mb
[line   12]                     ╰───  b: 
[line   17]                          ╰─── StructInitializer: struct twovec {x: int, y: int, }
[line   17]                               ├───  x: 
[line   18]                               │    ╰─── Binary: Plus
[line   18]                               │         ├─── Binary: Star
[line   18]                               │         │    ├─── Get: "x"
[line   18]                               │         │    │    ╰─── Get: "b"
[line   18]                               │         │    │         ╰─── Deref: 
[line   18]                               │         │    │              ╰─── Variable: ma
[line   18]                               │         │    ╰─── Get: "x"
[line   18]                               │         │         ╰─── Get: "a"
[line   18]                               │         │              ╰─── Deref: 
[line   18]                               │         │                   ╰─── Variable: mb
[line   18]                               │         ╰─── Binary: Star
[line   18]                               │              ├─── Get: "y"
[line   18]                               │              │    ╰─── Get: "b"
[line   18]                               │              │         ╰─── Deref: 
[line   18]                               │              │              ╰─── Variable: ma
[line   18]                               │              ╰─── Get: "x"
[line   18]                               │                   ╰─── Get: "b"
[line   18]                               │                        ╰─── Deref: 
[line   18]                               │                             ╰─── Variable: mb
[line   17]                               ╰───  y: 
[line   19]                                    ╰─── Binary: Plus
[line   19]                                         ├─── Binary: Star
[line   19]                                         │    ├─── Get: "x"
[line   19]                                         │    │    ╰─── Get: "b"
[line   19]                                         │    │         ╰─── Deref: 
[line   19]                                         │    │              ╰─── Variable: ma
[line   19]                                         │    ╰─── Get: "y"
[line   19]                                         │         ╰─── Get: "a"
[line   19]                                         │              ╰─── Deref: 
[line   19]                                         │                   ╰─── Variable: mb
[line   19]                                         ╰─── Binary: Star
[line   19]                                              ├─── Get: "y"
[line   19]                                              │    ╰─── Get: "b"
[line   19]                                              │         ╰─── Deref: 
[line   19]                                              │              ╰─── Variable: ma
[line   19]                                              ╰─── Get: "y"
[line   19]                                                   ╰─── Get: "b"
[line   19]                                                        ╰─── Deref: 
[line   19]                                                             ╰─── Variable: mb
[line   24] Function Declaration: fib_mat
[line   24] ╰─── Function Expression:
[line   24]      ├─── Name: fib_mat
[line   24]      ├─── Return Type: struct twoxtwomatrix { a: struct twovec { x: int, y: int, }, b: struct twovec { x: int, y: int, }, }
[line   24]      ├─── Params:
[line   24]      │    ╰─── n: int
[line   24]      ╰─── Body: 
[line   25]           ├─── Var Declaration: baseMat
[line   25]           │    ╰───  Initializer
[line   25]           │         ╰─── StructInitializer: struct twoxtwomatrix {a: struct twovec { x: int, y: int, }, b: struct twovec { x: int, y: int, }, }
[line   25]           │              ├───  a: 
[line   25]           │              │    ╰─── StructInitializer: struct twovec {x: int, y: int, }
[line   25]           │              │         ├───  x: 
[line   25]           │              │         │    ╰─── Literal: 1
[line   25]           │              │         ╰───  y: 
[line   25]           │              │              ╰─── Literal: 1
[line   25]           │              ╰───  b: 
[line   25]           │                   ╰─── StructInitializer: struct twovec {x: int, y: int, }
[line   25]           │                        ├───  x: 
[line   25]           │                        │    ╰─── Literal: 1
[line   25]           │                        ╰───  y: 
[line   25]           │                             ╰─── Literal: 0
[line   26]           ├─── Var Declaration: identity
[line   26]           │    ╰───  Initializer
[line   26]           │         ╰─── StructInitializer: struct twoxtwomatrix {a: struct twovec { x: int, y: int, }, b: struct twovec { x: int, y: int, }, }
[line   26]           │              ├───  a: 
[line   26]           │              │    ╰─── StructInitializer: struct twovec {x: int, y: int, }
[line   26]           │              │         ├───  x: 
[line   26]           │              │         │    ╰─── Literal: 1
[line   26]           │              │         ╰───  y: 
[line   26]           │              │              ╰─── Literal: 0
[line   26]           │              ╰───  b: 
[line   26]           │                   ╰─── StructInitializer: struct twovec {x: int, y: int, }
[line   26]           │                        ├───  x: 
[line   26]           │                        │    ╰─── Literal: 0
[line   26]           │                        ╰───  y: 
[line   26]           │                             ╰─── Literal: 1
[line   27]           ├─── If: 
[line   27]           │    ├─── Binary: EqualEqual
[line   27]           │    │    ├─── Variable: n
[line   27]           │    │    ╰─── Literal: 0
[line   27]           │    ╰─── Block: 
[line   27]           │         ╰─── Return:
[line   28]           │              ╰─── Variable: identity
[line   30]           ├─── If: 
[line   30]           │    ├─── Binary: LessEqual
[line   30]           │    │    ├─── Variable: n
[line   30]           │    │    ╰─── Literal: 1
[line   30]           │    ╰─── Block: 
[line   30]           │         ╰─── Return:
[line   31]           │              ╰─── Variable: baseMat
[line   34]           ├─── Var Declaration: half
[line   34]           │    ╰───  Initializer
[line   34]           │         ╰─── Call:
[line   34]           │              ├─── Variable: fib_mat
[line   34]           │              ╰─── Binary: Slash
[line   34]           │                   ├─── Variable: n
[line   34]           │                   ╰─── Literal: 2
[line   35]           ├─── Var Declaration: extra
[line   35]           │    ╰───  Initializer
[line   35]           │         ╰─── Ternary:
[line   35]           │              ├─── Binary: EqualEqual
[line   35]           │              │    ├─── Binary: Percent
[line   35]           │              │    │    ├─── Variable: n
[line   35]           │              │    │    ╰─── Literal: 2
[line   35]           │              │    ╰─── Literal: 0
[line   35]           │              ├─── Variable: identity
[line   35]           │              ╰─── Variable: baseMat
[line   37]           ├─── Var Declaration: halfSquared
[line   37]           │    ╰───  Initializer
[line   37]           │         ╰─── Call:
[line   37]           │              ├─── Variable: matMult
[line   37]           │              ├─── Ref: 
[line   37]           │              │    ╰─── Variable: half
[line   37]           │              ╰─── Ref: 
[line   37]           │                   ╰─── Variable: half
[line   37]           ╰─── Return:
[line   38]                ╰─── Call:
[line   38]                     ├─── Variable: matMult
[line   38]                     ├─── Ref: 
[line   38]                     │    ╰─── Variable: extra
[line   38]                     ╰─── Ref: 
[line   38]                          ╰─── Variable: halfSquared
[line   41] Function Declaration: fib
[line   41] ╰─── Function Expression:
[line   41]      ├─── Name: fib
[line   41]      ├─── Return Type: int
[line   41]      ├─── Params:
[line   41]      │    ╰─── n: int
[line   41]      ╰─── Body: 
[line   41]           ╰─── Return:
[line   42]                ╰─── Get: "x"
[line   42]                     ╰─── Get: "b"
[line   42]                          ╰─── Call:
[line   42]                               ├─── Variable: fib_mat
[line   42]                               ╰─── Variable: n
[line   45] Function Declaration: main
[line   45] ╰─── Function Expression:
[line   45]      ├─── Name: main
[line   45]      ├─── Return Type: int
[line   45]      ╰─── Body: 
[line   46]           ├─── Var Declaration: ret
[line   46]           │    ╰───  Initializer
[line   46]           │         ╰─── Literal: 0
[line   47]           ├─── For: 
[line   47]           │    ├─── Var Declaration: i
[line   47]           │    │    ╰───  Initializer
[line   47]           │    │         ╰─── Literal: 0
[line   47]           │    ├─── Binary: Less
[line   47]           │    │    ├─── Variable: i
[line   47]           │    │    ╰─── Literal: 30
[line   47]           │    ├─── Assign:
[line   47]           │    │    ├─── Variable: i
[line   47]           │    │    ╰─── Binary: Plus
[line   47]           │    │         ├─── Variable: i
[line   47]           │    │         ╰─── Literal: 1
[line   47]           │    ╰─── Block: 
[line   48]           │         ├─── Var Declaration: f
[line   48]           │         │    ╰───  Initializer
[line   48]           │         │         ╰─── Call:
[line   48]           │         │              ├─── Variable: fib
[line   48]           │         │              ╰─── Variable: i
[line   49]           │         ╰─── Expression: 
[line   49]           │              ╰─── Assign:
[line   49]           │                   ├─── Variable: ret
[line   49]           │                   ╰─── Binary: Plus
[line   49]           │                        ├─── Variable: ret
[line   49]           │                        ╰─── Variable: f
[line   50]           ╰─── Return:
[line   51]                ╰─── Variable: ret
