---
source: tests/integration_test.rs
expression: result
---
<Include      "include"     [1]>
<String       "\"arena_alloc.ser\"" [1]>
<Semicolon    ";"           [1]>
<Var          "let"         [3]>
<Identifier   "arena"       [3]>
<Colon        ":"           [3]>
<Struct       "struct"      [3]>
<Identifier   "Arena"       [3]>
<Semicolon    ";"           [3]>
<Type         "type"        [5]>
<Identifier   "stream"      [5]>
<Interface    "interface"   [5]>
<LeftBrace    "{"           [5]>
<Identifier   "car"         [6]>
<Colon        ":"           [6]>
<Fun          "fn"          [6]>
<LeftParen    "("           [6]>
<RightParen   ")"           [6]>
<RightArrow   "->"          [6]>
<SimpleType   "int"         [6]>
<Comma        ","           [6]>
<Identifier   "cdr"         [7]>
<Colon        ":"           [7]>
<Fun          "fn"          [7]>
<LeftParen    "("           [7]>
<RightParen   ")"           [7]>
<RightArrow   "->"          [7]>
<Impl         "impl"        [7]>
<Identifier   "stream"      [7]>
<Comma        ","           [7]>
<RightBrace   "}"           [8]>
<Semicolon    ";"           [8]>
<Fun          "fn"          [10]>
<Identifier   "next"        [10]>
<LeftParen    "("           [10]>
<Identifier   "s"           [10]>
<Colon        ":"           [10]>
<Star         "*"           [10]>
<Impl         "impl"        [10]>
<Identifier   "stream"      [10]>
<RightParen   ")"           [10]>
<RightArrow   "->"          [10]>
<SimpleType   "int"         [10]>
<LeftBrace    "{"           [10]>
<Var          "let"         [11]>
<Identifier   "n"           [11]>
<Equal        "="           [11]>
<Identifier   "s"           [11]>
<RightArrow   "->"          [11]>
<Identifier   "car"         [11]>
<LeftParen    "("           [11]>
<RightParen   ")"           [11]>
<Semicolon    ";"           [11]>
<Star         "*"           [12]>
<Identifier   "s"           [12]>
<Equal        "="           [12]>
<Identifier   "s"           [12]>
<RightArrow   "->"          [12]>
<Identifier   "cdr"         [12]>
<LeftParen    "("           [12]>
<RightParen   ")"           [12]>
<Semicolon    ";"           [12]>
<Return       "return"      [13]>
<Identifier   "n"           [13]>
<Semicolon    ";"           [13]>
<RightBrace   "}"           [14]>
<Type         "type"        [16]>
<Identifier   "const_stream" [16]>
<Struct       "struct"      [16]>
<LeftBrace    "{"           [16]>
<Identifier   "n"           [17]>
<Colon        ":"           [17]>
<SimpleType   "int"         [17]>
<Comma        ","           [17]>
<RightBrace   "}"           [18]>
<Implements   "implements"  [18]>
<Identifier   "stream"      [18]>
<Semicolon    ";"           [18]>
<Fun          "fun"         [20]>
<LeftParen    "("           [20]>
<Identifier   "self"        [20]>
<Colon        ":"           [20]>
<Star         "*"           [20]>
<Struct       "struct"      [20]>
<Identifier   "const_stream" [20]>
<RightParen   ")"           [20]>
<Identifier   "car"         [20]>
<LeftParen    "("           [20]>
<RightParen   ")"           [20]>
<RightArrow   "->"          [20]>
<SimpleType   "int"         [20]>
<LeftBrace    "{"           [20]>
<Return       "return"      [21]>
<Identifier   "self"        [21]>
<RightArrow   "->"          [21]>
<Identifier   "n"           [21]>
<Semicolon    ";"           [21]>
<RightBrace   "}"           [22]>
<Fun          "fun"         [24]>
<LeftParen    "("           [24]>
<Identifier   "self"        [24]>
<Colon        ":"           [24]>
<Star         "*"           [24]>
<Struct       "struct"      [24]>
<Identifier   "const_stream" [24]>
<RightParen   ")"           [24]>
<Identifier   "cdr"         [24]>
<LeftParen    "("           [24]>
<RightParen   ")"           [24]>
<RightArrow   "->"          [24]>
<Impl         "impl"        [24]>
<Identifier   "stream"      [24]>
<LeftBrace    "{"           [24]>
<Return       "return"      [25]>
<Identifier   "const_stream_impl_stream" [25]>
<LeftParen    "("           [25]>
<Identifier   "self"        [25]>
<RightParen   ")"           [25]>
<Semicolon    ";"           [25]>
<RightBrace   "}"           [26]>
<Type         "type"        [28]>
<Identifier   "nat_stream"  [28]>
<Struct       "struct"      [28]>
<LeftBrace    "{"           [28]>
<Identifier   "i"           [29]>
<Colon        ":"           [29]>
<SimpleType   "int"         [29]>
<Comma        ","           [29]>
<RightBrace   "}"           [30]>
<Implements   "implements"  [30]>
<Identifier   "stream"      [30]>
<Semicolon    ";"           [30]>
<Fun          "fun"         [32]>
<LeftParen    "("           [32]>
<Identifier   "self"        [32]>
<Colon        ":"           [32]>
<Star         "*"           [32]>
<Struct       "struct"      [32]>
<Identifier   "nat_stream"  [32]>
<RightParen   ")"           [32]>
<Identifier   "car"         [32]>
<LeftParen    "("           [32]>
<RightParen   ")"           [32]>
<RightArrow   "->"          [32]>
<SimpleType   "int"         [32]>
<LeftBrace    "{"           [32]>
<Return       "return"      [33]>
<Identifier   "self"        [33]>
<RightArrow   "->"          [33]>
<Identifier   "i"           [33]>
<Semicolon    ";"           [33]>
<RightBrace   "}"           [34]>
<Fun          "fun"         [36]>
<LeftParen    "("           [36]>
<Identifier   "self"        [36]>
<Colon        ":"           [36]>
<Star         "*"           [36]>
<Struct       "struct"      [36]>
<Identifier   "nat_stream"  [36]>
<RightParen   ")"           [36]>
<Identifier   "cdr"         [36]>
<LeftParen    "("           [36]>
<RightParen   ")"           [36]>
<RightArrow   "->"          [36]>
<Impl         "impl"        [36]>
<Identifier   "stream"      [36]>
<LeftBrace    "{"           [36]>
<Var          "let"         [37]>
<Identifier   "i"           [37]>
<Equal        "="           [37]>
<Identifier   "self"        [37]>
<RightArrow   "->"          [37]>
<Identifier   "i"           [37]>
<Semicolon    ";"           [37]>
<Var          "let"         [38]>
<Identifier   "s"           [38]>
<Colon        ":"           [38]>
<Star         "*"           [38]>
<Struct       "struct"      [38]>
<Identifier   "nat_stream"  [38]>
<Equal        "="           [38]>
<Identifier   "malloc"      [38]>
<LeftParen    "("           [38]>
<Sizeof       "sizeof"      [38]>
<LeftParen    "("           [38]>
<Struct       "struct"      [38]>
<Identifier   "nat_stream"  [38]>
<RightParen   ")"           [38]>
<RightParen   ")"           [38]>
<Semicolon    ";"           [38]>
<Star         "*"           [39]>
<Identifier   "s"           [39]>
<Equal        "="           [39]>
<Struct       "struct"      [39]>
<Identifier   "nat_stream"  [39]>
<LeftBrace    "{"           [39]>
<Identifier   "i"           [39]>
<Colon        ":"           [39]>
<Identifier   "i"           [39]>
<Plus         "+"           [39]>
<Number       "1"           [39]>
<RightBrace   "}"           [39]>
<Semicolon    ";"           [39]>
<Return       "return"      [40]>
<Identifier   "nat_stream_impl_stream" [40]>
<LeftParen    "("           [40]>
<Identifier   "s"           [40]>
<RightParen   ")"           [40]>
<Semicolon    ";"           [40]>
<RightBrace   "}"           [41]>
<Type         "type"        [43]>
<Identifier   "stream_cons" [43]>
<Struct       "struct"      [43]>
<LeftBrace    "{"           [43]>
<Identifier   "car"         [44]>
<Colon        ":"           [44]>
<SimpleType   "int"         [44]>
<Comma        ","           [44]>
<Identifier   "cdr"         [45]>
<Colon        ":"           [45]>
<Impl         "impl"        [45]>
<Identifier   "stream"      [45]>
<Comma        ","           [45]>
<RightBrace   "}"           [46]>
<Implements   "implements"  [46]>
<Identifier   "stream"      [46]>
<Semicolon    ";"           [46]>
<Fun          "fun"         [48]>
<LeftParen    "("           [48]>
<Identifier   "self"        [48]>
<Colon        ":"           [48]>
<Star         "*"           [48]>
<Struct       "struct"      [48]>
<Identifier   "stream_cons" [48]>
<RightParen   ")"           [48]>
<Identifier   "car"         [48]>
<LeftParen    "("           [48]>
<RightParen   ")"           [48]>
<RightArrow   "->"          [48]>
<SimpleType   "int"         [48]>
<LeftBrace    "{"           [48]>
<Return       "return"      [49]>
<Identifier   "self"        [49]>
<RightArrow   "->"          [49]>
<Identifier   "car"         [49]>
<Semicolon    ";"           [49]>
<RightBrace   "}"           [50]>
<Fun          "fun"         [52]>
<LeftParen    "("           [52]>
<Identifier   "self"        [52]>
<Colon        ":"           [52]>
<Star         "*"           [52]>
<Struct       "struct"      [52]>
<Identifier   "stream_cons" [52]>
<RightParen   ")"           [52]>
<Identifier   "cdr"         [52]>
<LeftParen    "("           [52]>
<RightParen   ")"           [52]>
<RightArrow   "->"          [52]>
<Impl         "impl"        [52]>
<Identifier   "stream"      [52]>
<LeftBrace    "{"           [52]>
<Return       "return"      [53]>
<Identifier   "self"        [53]>
<RightArrow   "->"          [53]>
<Identifier   "cdr"         [53]>
<Semicolon    ";"           [53]>
<RightBrace   "}"           [54]>
<Type         "type"        [56]>
<Identifier   "stream_add"  [56]>
<Struct       "struct"      [56]>
<LeftBrace    "{"           [56]>
<Identifier   "s1"          [57]>
<Colon        ":"           [57]>
<Impl         "impl"        [57]>
<Identifier   "stream"      [57]>
<Comma        ","           [57]>
<Identifier   "s2"          [58]>
<Colon        ":"           [58]>
<Impl         "impl"        [58]>
<Identifier   "stream"      [58]>
<Comma        ","           [58]>
<RightBrace   "}"           [59]>
<Implements   "implements"  [59]>
<Identifier   "stream"      [59]>
<Semicolon    ";"           [59]>
<Fun          "fun"         [62]>
<LeftParen    "("           [62]>
<Identifier   "self"        [62]>
<Colon        ":"           [62]>
<Star         "*"           [62]>
<Struct       "struct"      [62]>
<Identifier   "stream_add"  [62]>
<RightParen   ")"           [62]>
<Identifier   "car"         [62]>
<LeftParen    "("           [62]>
<RightParen   ")"           [62]>
<RightArrow   "->"          [62]>
<SimpleType   "int"         [62]>
<LeftBrace    "{"           [62]>
<Return       "return"      [63]>
<Identifier   "self"        [63]>
<RightArrow   "->"          [63]>
<Identifier   "s1"          [63]>
<Dot          "."           [63]>
<Identifier   "car"         [63]>
<LeftParen    "("           [63]>
<RightParen   ")"           [63]>
<Plus         "+"           [63]>
<Identifier   "self"        [63]>
<RightArrow   "->"          [63]>
<Identifier   "s2"          [63]>
<Dot          "."           [63]>
<Identifier   "car"         [63]>
<LeftParen    "("           [63]>
<RightParen   ")"           [63]>
<Semicolon    ";"           [63]>
<RightBrace   "}"           [64]>
<Fun          "fun"         [66]>
<LeftParen    "("           [66]>
<Identifier   "self"        [66]>
<Colon        ":"           [66]>
<Star         "*"           [66]>
<Struct       "struct"      [66]>
<Identifier   "stream_add"  [66]>
<RightParen   ")"           [66]>
<Identifier   "cdr"         [66]>
<LeftParen    "("           [66]>
<RightParen   ")"           [66]>
<RightArrow   "->"          [66]>
<Impl         "impl"        [66]>
<Identifier   "stream"      [66]>
<LeftBrace    "{"           [66]>
<Var          "let"         [67]>
<Identifier   "s1"          [67]>
<Equal        "="           [67]>
<Identifier   "self"        [67]>
<RightArrow   "->"          [67]>
<Identifier   "s1"          [67]>
<Dot          "."           [67]>
<Identifier   "cdr"         [67]>
<LeftParen    "("           [67]>
<RightParen   ")"           [67]>
<Semicolon    ";"           [67]>
<Var          "let"         [68]>
<Identifier   "s2"          [68]>
<Equal        "="           [68]>
<Identifier   "self"        [68]>
<RightArrow   "->"          [68]>
<Identifier   "s2"          [68]>
<Dot          "."           [68]>
<Identifier   "cdr"         [68]>
<LeftParen    "("           [68]>
<RightParen   ")"           [68]>
<Semicolon    ";"           [68]>
<Var          "let"         [70]>
<Identifier   "add"         [70]>
<Colon        ":"           [70]>
<Star         "*"           [70]>
<Struct       "struct"      [70]>
<Identifier   "stream_add"  [70]>
<Equal        "="           [70]>
<Identifier   "malloc"      [70]>
<LeftParen    "("           [70]>
<Sizeof       "sizeof"      [70]>
<LeftParen    "("           [70]>
<Struct       "struct"      [70]>
<Identifier   "stream_add"  [70]>
<RightParen   ")"           [70]>
<RightParen   ")"           [70]>
<Semicolon    ";"           [70]>
<Star         "*"           [71]>
<Identifier   "add"         [71]>
<Equal        "="           [71]>
<Struct       "struct"      [71]>
<Identifier   "stream_add"  [71]>
<LeftBrace    "{"           [71]>
<Identifier   "s1"          [71]>
<Colon        ":"           [71]>
<Identifier   "s1"          [71]>
<Comma        ","           [71]>
<Identifier   "s2"          [71]>
<Colon        ":"           [71]>
<Identifier   "s2"          [71]>
<RightBrace   "}"           [71]>
<Semicolon    ";"           [71]>
<Return       "return"      [73]>
<Identifier   "stream_add_impl_stream" [73]>
<LeftParen    "("           [73]>
<Identifier   "add"         [73]>
<RightParen   ")"           [73]>
<Semicolon    ";"           [73]>
<RightBrace   "}"           [74]>
<Fun          "fn"          [76]>
<Identifier   "cons"        [76]>
<LeftParen    "("           [76]>
<Identifier   "n"           [76]>
<Colon        ":"           [76]>
<SimpleType   "int"         [76]>
<Comma        ","           [76]>
<Identifier   "s"           [76]>
<Colon        ":"           [76]>
<Impl         "impl"        [76]>
<Identifier   "stream"      [76]>
<RightParen   ")"           [76]>
<RightArrow   "->"          [76]>
<Struct       "struct"      [76]>
<Identifier   "stream_cons" [76]>
<LeftBrace    "{"           [76]>
<Return       "return"      [77]>
<Struct       "struct"      [77]>
<Identifier   "stream_cons" [77]>
<LeftBrace    "{"           [77]>
<Identifier   "car"         [77]>
<Colon        ":"           [77]>
<Identifier   "n"           [77]>
<Comma        ","           [77]>
<Identifier   "cdr"         [77]>
<Colon        ":"           [77]>
<Identifier   "s"           [77]>
<RightBrace   "}"           [77]>
<Semicolon    ";"           [77]>
<RightBrace   "}"           [78]>
<Fun          "fn"          [80]>
<Identifier   "add"         [80]>
<LeftParen    "("           [80]>
<Identifier   "s1"          [80]>
<Colon        ":"           [80]>
<Impl         "impl"        [80]>
<Identifier   "stream"      [80]>
<Comma        ","           [80]>
<Identifier   "s2"          [80]>
<Colon        ":"           [80]>
<Impl         "impl"        [80]>
<Identifier   "stream"      [80]>
<RightParen   ")"           [80]>
<RightArrow   "->"          [80]>
<Struct       "struct"      [80]>
<Identifier   "stream_add"  [80]>
<LeftBrace    "{"           [80]>
<Return       "return"      [81]>
<Struct       "struct"      [81]>
<Identifier   "stream_add"  [81]>
<LeftBrace    "{"           [81]>
<Identifier   "s1"          [81]>
<Colon        ":"           [81]>
<Identifier   "s1"          [81]>
<Comma        ","           [81]>
<Identifier   "s2"          [81]>
<Colon        ":"           [81]>
<Identifier   "s2"          [81]>
<RightBrace   "}"           [81]>
<Semicolon    ";"           [81]>
<RightBrace   "}"           [82]>
<Fun          "fn"          [84]>
<Identifier   "main"        [84]>
<LeftParen    "("           [84]>
<RightParen   ")"           [84]>
<RightArrow   "->"          [84]>
<SimpleType   "int"         [84]>
<LeftBrace    "{"           [84]>
<Identifier   "arena"       [85]>
<Equal        "="           [85]>
<Identifier   "create_arena" [85]>
<LeftParen    "("           [85]>
<RightParen   ")"           [85]>
<Semicolon    ";"           [85]>
<Var          "let"         [87]>
<Identifier   "fibs"        [87]>
<Semicolon    ";"           [87]>
<Var          "let"         [88]>
<Identifier   "fibs_cdr"    [88]>
<Semicolon    ";"           [88]>
<Var          "let"         [90]>
<Identifier   "add0"        [90]>
<Colon        ":"           [90]>
<Star         "*"           [90]>
<Struct       "struct"      [90]>
<Identifier   "stream_add"  [90]>
<Equal        "="           [90]>
<Identifier   "arena"       [90]>
<Dot          "."           [90]>
<Identifier   "alloc"       [90]>
<LeftParen    "("           [90]>
<Sizeof       "sizeof"      [90]>
<LeftParen    "("           [90]>
<Struct       "struct"      [90]>
<Identifier   "stream_add"  [90]>
<RightParen   ")"           [90]>
<RightParen   ")"           [90]>
<Semicolon    ";"           [90]>
<Star         "*"           [91]>
<Identifier   "add0"        [91]>
<Equal        "="           [91]>
<Identifier   "add"         [91]>
<LeftParen    "("           [91]>
<Identifier   "impl_stream" [91]>
<LeftParen    "("           [91]>
<Amp          "&"           [91]>
<Identifier   "fibs"        [91]>
<RightParen   ")"           [91]>
<Comma        ","           [91]>
<Identifier   "impl_stream" [91]>
<LeftParen    "("           [91]>
<Amp          "&"           [91]>
<Identifier   "fibs_cdr"    [91]>
<RightParen   ")"           [91]>
<RightParen   ")"           [91]>
<Semicolon    ";"           [91]>
<Identifier   "fibs_cdr"    [92]>
<Equal        "="           [92]>
<Identifier   "cons"        [92]>
<LeftParen    "("           [92]>
<Number       "1"           [92]>
<Comma        ","           [92]>
<Identifier   "impl_stream" [92]>
<LeftParen    "("           [92]>
<Identifier   "add0"        [92]>
<RightParen   ")"           [92]>
<RightParen   ")"           [92]>
<Semicolon    ";"           [92]>
<Identifier   "fibs"        [93]>
<Equal        "="           [93]>
<Identifier   "cons"        [93]>
<LeftParen    "("           [93]>
<Number       "0"           [93]>
<Comma        ","           [93]>
<Identifier   "impl_stream" [93]>
<LeftParen    "("           [93]>
<Amp          "&"           [93]>
<Identifier   "fibs_cdr"    [93]>
<RightParen   ")"           [93]>
<RightParen   ")"           [93]>
<Semicolon    ";"           [93]>
<Var          "let"         [95]>
<Identifier   "s"           [95]>
<Equal        "="           [95]>
<Identifier   "impl_stream" [95]>
<LeftParen    "("           [95]>
<Amp          "&"           [95]>
<Identifier   "fibs"        [95]>
<RightParen   ")"           [95]>
<Semicolon    ";"           [95]>
<Var          "let"         [97]>
<Identifier   "ret"         [97]>
<Equal        "="           [97]>
<Number       "0"           [97]>
<Semicolon    ";"           [97]>
<For          "for"         [99]>
<LeftParen    "("           [99]>
<Var          "var"         [99]>
<Identifier   "i"           [99]>
<Equal        "="           [99]>
<Number       "0"           [99]>
<Semicolon    ";"           [99]>
<Identifier   "i"           [99]>
<Less         "<"           [99]>
<Number       "30"          [99]>
<Semicolon    ";"           [99]>
<Identifier   "i"           [99]>
<Equal        "="           [99]>
<Identifier   "i"           [99]>
<Plus         "+"           [99]>
<Number       "1"           [99]>
<RightParen   ")"           [99]>
<LeftBrace    "{"           [99]>
<Var          "let"         [100]>
<Identifier   "n"           [100]>
<Equal        "="           [100]>
<Identifier   "next"        [100]>
<LeftParen    "("           [100]>
<Amp          "&"           [100]>
<Identifier   "s"           [100]>
<RightParen   ")"           [100]>
<Semicolon    ";"           [100]>
<Identifier   "ret"         [101]>
<Equal        "="           [101]>
<Identifier   "ret"         [101]>
<Plus         "+"           [101]>
<Identifier   "n"           [101]>
<Semicolon    ";"           [101]>
<RightBrace   "}"           [102]>
<Identifier   "arena"       [104]>
<Dot          "."           [104]>
<Identifier   "destroy"     [104]>
<LeftParen    "("           [104]>
<RightParen   ")"           [104]>
<Semicolon    ";"           [104]>
<Return       "return"      [106]>
<Identifier   "ret"         [106]>
<Semicolon    ";"           [106]>
<RightBrace   "}"           [107]>
<Eof          ""            [107]>
