---
source: tests/integration_test.rs
expression: result
---
; ModuleID = 'main'
source_filename = "main"
target datalayout = "e-m:o-p270:32:32-p271:32:32-p272:64:64-i64:64-i128:128-n32:64-S128-Fn32"
target triple = "arm64-apple-darwin24.6.0"

@"pow#closure_wrapper" = global { ptr } { ptr @"pow_i64i64->i64" }
@"seive#closure_wrapper" = global { ptr } { ptr @"seive_i8ptr->i64" }
@PRIMES = global [10000000 x i64] zeroinitializer
@transitions = global [10 x [10 x i64]] zeroinitializer
@"main#closure_wrapper" = global { ptr } { ptr @main_i64 }

declare i8 @printf(ptr, ...)

declare ptr @malloc(i64)

declare i8 @free(ptr)

declare i8 @usleep(i64)

declare i8 @exit(i64)

define i64 @"pow_i64i64->i64"(i64 %0, i64 %1) {
entry:
  %i = alloca i64, align 8
  %result = alloca i64, align 8
  %exp = alloca i64, align 8
  %base = alloca i64, align 8
  store i64 %0, ptr %base, align 8
  store i64 %1, ptr %exp, align 8
  store i64 1, ptr %result, align 8
  store i64 0, ptr %i, align 8
  br label %loop_6

loop_6:                                           ; preds = %body_6, %entry
  %rval = load i64, ptr %i, align 8
  %rval1 = load i64, ptr %exp, align 8
  %lttmp = icmp slt i64 %rval, %rval1
  br i1 %lttmp, label %body_6, label %merge_6

body_6:                                           ; preds = %loop_6
  %rval2 = load i64, ptr %result, align 8
  %rval3 = load i64, ptr %base, align 8
  %multmp = mul i64 %rval2, %rval3
  store i64 %multmp, ptr %result, align 8
  %rval4 = load i64, ptr %i, align 8
  %addtmp = add i64 %rval4, 1
  store i64 %addtmp, ptr %i, align 8
  br label %loop_6

merge_6:                                          ; preds = %loop_6
  %rval5 = load i64, ptr %result, align 8
  ret i64 %rval5
}

define i8 @"seive_i8ptr->i64"(ptr %0, i64 %1) {
entry:
  %j = alloca i64, align 8
  %i = alloca i64, align 8
  %n = alloca i64, align 8
  %candidates = alloca ptr, align 8
  store ptr %0, ptr %candidates, align 8
  store i64 %1, ptr %n, align 8
  store i64 2, ptr %i, align 8
  br label %loop_15

loop_15:                                          ; preds = %merge_21, %then, %entry
  %rval = load i64, ptr %i, align 8
  %rval1 = load i64, ptr %n, align 8
  %lttmp = icmp slt i64 %rval, %rval1
  br i1 %lttmp, label %body_15, label %merge_15

body_15:                                          ; preds = %loop_15
  %rval2 = load ptr, ptr %candidates, align 8
  %rval3 = load i64, ptr %i, align 8
  %indexptr = getelementptr i64, ptr %rval2, i64 %rval3
  %rval4 = load i64, ptr %indexptr, align 8
  %eqtmp = icmp eq i64 %rval4, 0
  br i1 %eqtmp, label %then, label %else

merge_15:                                         ; preds = %loop_15
  ret i8 0

then:                                             ; preds = %body_15
  %rval5 = load i64, ptr %i, align 8
  %addtmp = add i64 %rval5, 1
  store i64 %addtmp, ptr %i, align 8
  br label %loop_15

else:                                             ; preds = %body_15
  br label %ifcont

ifcont:                                           ; preds = %else
  %rval6 = load i64, ptr %i, align 8
  %rval7 = load i64, ptr %i, align 8
  %addtmp8 = add i64 %rval6, %rval7
  store i64 %addtmp8, ptr %j, align 8
  br label %loop_21

loop_21:                                          ; preds = %body_21, %ifcont
  %rval9 = load i64, ptr %j, align 8
  %rval10 = load i64, ptr %n, align 8
  %lttmp11 = icmp slt i64 %rval9, %rval10
  br i1 %lttmp11, label %body_21, label %merge_21

body_21:                                          ; preds = %loop_21
  %rval12 = load ptr, ptr %candidates, align 8
  %rval13 = load i64, ptr %j, align 8
  %indexptr14 = getelementptr i64, ptr %rval12, i64 %rval13
  store i64 0, ptr %indexptr14, align 8
  %rval15 = load i64, ptr %j, align 8
  %rval16 = load i64, ptr %i, align 8
  %addtmp17 = add i64 %rval15, %rval16
  store i64 %addtmp17, ptr %j, align 8
  br label %loop_21

merge_21:                                         ; preds = %loop_21
  %rval18 = load i64, ptr %i, align 8
  %addtmp19 = add i64 %rval18, 1
  store i64 %addtmp19, ptr %i, align 8
  br label %loop_15
}

define i64 @main_i64() {
entry:
  %calltmp94 = alloca i64, align 8
  %calltmp88 = alloca i64, align 8
  %j = alloca i64, align 8
  %i31 = alloca i64, align 8
  %result = alloca i64, align 8
  %last_prime = alloca i64, align 8
  %calltmp5 = alloca i8, align 1
  %i = alloca i64, align 8
  store i64 0, ptr %i, align 8
  br label %loop_39

loop_39:                                          ; preds = %body_39, %entry
  %rval = load i64, ptr %i, align 8
  %lttmp = icmp slt i64 %rval, 10000000
  br i1 %lttmp, label %body_39, label %merge_39

body_39:                                          ; preds = %loop_39
  %rval1 = load i64, ptr %i, align 8
  %rval2 = load i64, ptr %i, align 8
  %indexptr = getelementptr i64, ptr @PRIMES, i64 %rval2
  store i64 %rval1, ptr %indexptr, align 8
  %rval3 = load i64, ptr %i, align 8
  %addtmp = add i64 %rval3, 1
  store i64 %addtmp, ptr %i, align 8
  br label %loop_39

merge_39:                                         ; preds = %loop_39
  %rval4 = load { ptr }, ptr @"seive#closure_wrapper", align 8
  %fnptr = extractvalue { ptr } %rval4, 0
  %calltmp = call i8 %fnptr(ptr @PRIMES, i64 10000000)
  store i8 %calltmp, ptr %calltmp5, align 1
  store i64 3, ptr %i, align 8
  store i64 2, ptr %last_prime, align 8
  br label %loop_49

loop_49:                                          ; preds = %ifcont, %merge_39
  %rval6 = load i64, ptr %i, align 8
  %lttmp7 = icmp slt i64 %rval6, 10000000
  br i1 %lttmp7, label %body_49, label %merge_49

body_49:                                          ; preds = %loop_49
  %rval8 = load i64, ptr %i, align 8
  %indexptr9 = getelementptr i64, ptr @PRIMES, i64 %rval8
  %rval10 = load i64, ptr %indexptr9, align 8
  %neqtmp = icmp ne i64 %rval10, 0
  br i1 %neqtmp, label %then, label %else

merge_49:                                         ; preds = %loop_49
  store i64 0, ptr %result, align 8
  store i64 0, ptr %i31, align 8
  br label %loop_59

then:                                             ; preds = %body_49
  %rval11 = load i64, ptr %last_prime, align 8
  %remtmp = srem i64 %rval11, 10
  %indexptr12 = getelementptr [10 x i64], ptr @transitions, i64 %remtmp
  %rval13 = load i64, ptr %last_prime, align 8
  %remtmp14 = srem i64 %rval13, 10
  %indexptr15 = getelementptr i64, ptr %indexptr12, i64 %remtmp14
  %rval16 = load i64, ptr %indexptr15, align 8
  %addtmp17 = add i64 %rval16, 1
  %rval18 = load i64, ptr %last_prime, align 8
  %remtmp19 = srem i64 %rval18, 10
  %indexptr20 = getelementptr [10 x i64], ptr @transitions, i64 %remtmp19
  %rval21 = load i64, ptr %i, align 8
  %indexptr22 = getelementptr i64, ptr @PRIMES, i64 %rval21
  %rval23 = load i64, ptr %indexptr22, align 8
  %remtmp24 = srem i64 %rval23, 10
  %indexptr25 = getelementptr i64, ptr %indexptr20, i64 %remtmp24
  store i64 %addtmp17, ptr %indexptr25, align 8
  %rval26 = load i64, ptr %i, align 8
  %indexptr27 = getelementptr i64, ptr @PRIMES, i64 %rval26
  %rval28 = load i64, ptr %indexptr27, align 8
  store i64 %rval28, ptr %last_prime, align 8
  br label %ifcont

else:                                             ; preds = %body_49
  br label %ifcont

ifcont:                                           ; preds = %else, %then
  %rval29 = load i64, ptr %i, align 8
  %addtmp30 = add i64 %rval29, 1
  store i64 %addtmp30, ptr %i, align 8
  br label %loop_49

loop_59:                                          ; preds = %increment_59, %merge_49
  %rval32 = load i64, ptr %i31, align 8
  %lttmp33 = icmp slt i64 %rval32, 10
  br i1 %lttmp33, label %body_59, label %merge_59

body_59:                                          ; preds = %loop_59
  %rval37 = load i64, ptr %i31, align 8
  %neqtmp38 = icmp ne i64 %rval37, 1
  br i1 %neqtmp38, label %rhs, label %merge

increment_59:                                     ; preds = %merge_63, %then34
  %rval100 = load i64, ptr %i31, align 8
  %addtmp101 = add i64 %rval100, 1
  store i64 %addtmp101, ptr %i31, align 8
  br label %loop_59

merge_59:                                         ; preds = %loop_59
  %rval102 = load i64, ptr %result, align 8
  ret i64 %rval102

then34:                                           ; preds = %merge
  br label %increment_59

else35:                                           ; preds = %merge
  br label %ifcont36

ifcont36:                                         ; preds = %else35
  store i64 0, ptr %j, align 8
  br label %loop_63

rhs:                                              ; preds = %body_59
  %rval41 = load i64, ptr %i31, align 8
  %neqtmp42 = icmp ne i64 %rval41, 2
  br i1 %neqtmp42, label %rhs39, label %merge40

merge:                                            ; preds = %merge40, %body_59
  %logicaltmp55 = phi i1 [ %neqtmp38, %body_59 ], [ %logicaltmp54, %merge40 ]
  br i1 %logicaltmp55, label %then34, label %else35

rhs39:                                            ; preds = %rhs
  %rval45 = load i64, ptr %i31, align 8
  %neqtmp46 = icmp ne i64 %rval45, 3
  br i1 %neqtmp46, label %rhs43, label %merge44

merge40:                                          ; preds = %merge44, %rhs
  %logicaltmp54 = phi i1 [ %neqtmp42, %rhs ], [ %logicaltmp53, %merge44 ]
  br label %merge

rhs43:                                            ; preds = %rhs39
  %rval49 = load i64, ptr %i31, align 8
  %neqtmp50 = icmp ne i64 %rval49, 5
  br i1 %neqtmp50, label %rhs47, label %merge48

merge44:                                          ; preds = %merge48, %rhs39
  %logicaltmp53 = phi i1 [ %neqtmp46, %rhs39 ], [ %logicaltmp, %merge48 ]
  br label %merge40

rhs47:                                            ; preds = %rhs43
  %rval51 = load i64, ptr %i31, align 8
  %neqtmp52 = icmp ne i64 %rval51, 7
  br label %merge48

merge48:                                          ; preds = %rhs47, %rhs43
  %logicaltmp = phi i1 [ %neqtmp50, %rhs43 ], [ %neqtmp52, %rhs47 ]
  br label %merge44

loop_63:                                          ; preds = %increment_63, %ifcont36
  %rval56 = load i64, ptr %j, align 8
  %lttmp57 = icmp slt i64 %rval56, 10
  br i1 %lttmp57, label %body_63, label %merge_63

body_63:                                          ; preds = %loop_63
  %rval63 = load i64, ptr %j, align 8
  %neqtmp64 = icmp ne i64 %rval63, 1
  br i1 %neqtmp64, label %rhs61, label %merge62

increment_63:                                     ; preds = %ifcont60, %then58
  %rval98 = load i64, ptr %j, align 8
  %addtmp99 = add i64 %rval98, 1
  store i64 %addtmp99, ptr %j, align 8
  br label %loop_63

merge_63:                                         ; preds = %loop_63
  br label %increment_59

then58:                                           ; preds = %merge62
  br label %increment_63

else59:                                           ; preds = %merge62
  br label %ifcont60

ifcont60:                                         ; preds = %else59
  %rval78 = load i64, ptr %result, align 8
  %rval79 = load i64, ptr %i31, align 8
  %indexptr80 = getelementptr [10 x i64], ptr @transitions, i64 %rval79
  %rval81 = load i64, ptr %j, align 8
  %indexptr82 = getelementptr i64, ptr %indexptr80, i64 %rval81
  %rval83 = load i64, ptr %indexptr82, align 8
  %rval84 = load { ptr }, ptr @"pow#closure_wrapper", align 8
  %rval85 = load i64, ptr %i31, align 8
  %fnptr86 = extractvalue { ptr } %rval84, 0
  %calltmp87 = call i64 %fnptr86(i64 2, i64 %rval85)
  store i64 %calltmp87, ptr %calltmp88, align 8
  %rval89 = load i64, ptr %calltmp88, align 8
  %multmp = mul i64 %rval83, %rval89
  %rval90 = load { ptr }, ptr @"pow#closure_wrapper", align 8
  %rval91 = load i64, ptr %j, align 8
  %fnptr92 = extractvalue { ptr } %rval90, 0
  %calltmp93 = call i64 %fnptr92(i64 3, i64 %rval91)
  store i64 %calltmp93, ptr %calltmp94, align 8
  %rval95 = load i64, ptr %calltmp94, align 8
  %multmp96 = mul i64 %multmp, %rval95
  %addtmp97 = add i64 %rval78, %multmp96
  store i64 %addtmp97, ptr %result, align 8
  br label %increment_63

rhs61:                                            ; preds = %body_63
  %rval67 = load i64, ptr %j, align 8
  %neqtmp68 = icmp ne i64 %rval67, 3
  br i1 %neqtmp68, label %rhs65, label %merge66

merge62:                                          ; preds = %merge66, %body_63
  %logicaltmp77 = phi i1 [ %neqtmp64, %body_63 ], [ %logicaltmp76, %merge66 ]
  br i1 %logicaltmp77, label %then58, label %else59

rhs65:                                            ; preds = %rhs61
  %rval71 = load i64, ptr %j, align 8
  %neqtmp72 = icmp ne i64 %rval71, 5
  br i1 %neqtmp72, label %rhs69, label %merge70

merge66:                                          ; preds = %merge70, %rhs61
  %logicaltmp76 = phi i1 [ %neqtmp68, %rhs61 ], [ %logicaltmp75, %merge70 ]
  br label %merge62

rhs69:                                            ; preds = %rhs65
  %rval73 = load i64, ptr %j, align 8
  %neqtmp74 = icmp ne i64 %rval73, 7
  br label %merge70

merge70:                                          ; preds = %rhs69, %rhs65
  %logicaltmp75 = phi i1 [ %neqtmp72, %rhs65 ], [ %neqtmp74, %rhs69 ]
  br label %merge66
}

define i32 @main(i32 %0, ptr %1) {
entry:
  %ret64 = call i64 @main_i64()
  %ret32 = trunc i64 %ret64 to i32
  ret i32 %ret32
}
