---
source: tests/integration_test.rs
expression: result
---
; ModuleID = 'main'
source_filename = "main"
target datalayout = "e-m:o-p270:32:32-p271:32:32-p272:64:64-i64:64-i128:128-n32:64-S128-Fn32"
target triple = "arm64-apple-darwin24.6.0"

@"add#closure_wrapper" = global { ptr } { ptr @"add_i64i64->i64" }
@"main#closure_wrapper" = global { ptr } { ptr @main_i64 }

declare i8 @printf(ptr, ...)

declare ptr @malloc(i64)

declare i8 @free(ptr)

declare i8 @usleep(i64)

declare i8 @exit(i64)

define i64 @"add_i64i64->i64"(i64 %0, i64 %1) {
entry:
  %y = alloca i64, align 8
  %x = alloca i64, align 8
  store i64 %0, ptr %x, align 8
  store i64 %1, ptr %y, align 8
  %rval = load i64, ptr %x, align 8
  %rval1 = load i64, ptr %y, align 8
  %addtmp = add i64 %rval, %rval1
  ret i64 %addtmp
}

define i64 @main_i64() {
entry:
  %calltmp16 = alloca i64, align 8
  %calltmp10 = alloca i64, align 8
  %result = alloca i64, align 8
  %closure5 = alloca { i64, ptr }, align 8
  %add22 = alloca { i64, ptr }, align 8
  %closure = alloca { i64, ptr }, align 8
  %add2 = alloca { i64, ptr }, align 8
  %x = alloca i64, align 8
  store i64 2, ptr %x, align 8
  %x1 = load i64, ptr %x, align 8
  %upval = getelementptr inbounds nuw { i64, ptr }, ptr %closure, i32 0, i32 0
  store i64 %x1, ptr %upval, align 8
  %upval2 = getelementptr inbounds nuw { i64, ptr }, ptr %closure, i32 0, i32 1
  store ptr @"anon9223372036854775807_i64i64->i64", ptr %upval2, align 8
  %closure3 = load { i64, ptr }, ptr %closure, align 8
  store { i64, ptr } %closure3, ptr %add2, align 8
  %x4 = load i64, ptr %x, align 8
  %upval6 = getelementptr inbounds nuw { i64, ptr }, ptr %closure5, i32 0, i32 0
  store i64 %x4, ptr %upval6, align 8
  %upval7 = getelementptr inbounds nuw { i64, ptr }, ptr %closure5, i32 0, i32 1
  store ptr @"anon0_i64i64->i64", ptr %upval7, align 8
  %closure8 = load { i64, ptr }, ptr %closure5, align 8
  store { i64, ptr } %closure8, ptr %add22, align 8
  %rval = load { i64, ptr }, ptr %add2, align 8
  %fnptr = extractvalue { i64, ptr } %rval, 1
  %upval9 = extractvalue { i64, ptr } %rval, 0
  %calltmp = call i64 %fnptr(i64 %upval9, i64 3)
  store i64 %calltmp, ptr %calltmp10, align 8
  %rval11 = load i64, ptr %calltmp10, align 8
  %rval12 = load { i64, ptr }, ptr %add22, align 8
  %fnptr13 = extractvalue { i64, ptr } %rval12, 1
  %upval14 = extractvalue { i64, ptr } %rval12, 0
  %calltmp15 = call i64 %fnptr13(i64 %upval14, i64 4)
  store i64 %calltmp15, ptr %calltmp16, align 8
  %rval17 = load i64, ptr %calltmp16, align 8
  %addtmp = add i64 %rval11, %rval17
  store i64 %addtmp, ptr %result, align 8
  %rval18 = load i64, ptr %result, align 8
  ret i64 %rval18
}

define i64 @"anon9223372036854775807_i64i64->i64"(i64 %0, i64 %1) {
entry:
  %calltmp3 = alloca i64, align 8
  %arg0 = alloca i64, align 8
  %x = alloca i64, align 8
  store i64 %0, ptr %x, align 8
  store i64 %1, ptr %arg0, align 8
  %rval = load { ptr }, ptr @"add#closure_wrapper", align 8
  %rval1 = load i64, ptr %x, align 8
  %rval2 = load i64, ptr %arg0, align 8
  %fnptr = extractvalue { ptr } %rval, 0
  %calltmp = call i64 %fnptr(i64 %rval1, i64 %rval2)
  store i64 %calltmp, ptr %calltmp3, align 8
  %rval4 = load i64, ptr %calltmp3, align 8
  ret i64 %rval4
}

define i64 @"anon0_i64i64->i64"(i64 %0, i64 %1) {
entry:
  %calltmp3 = alloca i64, align 8
  %y = alloca i64, align 8
  %x = alloca i64, align 8
  store i64 %0, ptr %x, align 8
  store i64 %1, ptr %y, align 8
  %rval = load { ptr }, ptr @"add#closure_wrapper", align 8
  %rval1 = load i64, ptr %x, align 8
  %rval2 = load i64, ptr %y, align 8
  %fnptr = extractvalue { ptr } %rval, 0
  %calltmp = call i64 %fnptr(i64 %rval1, i64 %rval2)
  store i64 %calltmp, ptr %calltmp3, align 8
  %rval4 = load i64, ptr %calltmp3, align 8
  ret i64 %rval4
}

define i32 @main(i32 %0, ptr %1) {
entry:
  %ret64 = call i64 @main_i64()
  %ret32 = trunc i64 %ret64 to i32
  ret i32 %ret32
}
