---
source: tests/integration_test.rs
expression: result
---
<Fun          "fn"          [1]>
<Less         "<"           [1]>
<Identifier   "A"           [1]>
<Greater      ">"           [1]>
<Identifier   "test_generic" [1]>
<LeftParen    "("           [1]>
<Identifier   "ident"       [1]>
<Colon        ":"           [1]>
<Identifier   "A"           [1]>
<RightParen   ")"           [1]>
<RightArrow   "->"          [1]>
<Identifier   "A"           [1]>
<LeftBrace    "{"           [1]>
<Return       "return"      [2]>
<Identifier   "ident"       [2]>
<Plus         "+"           [2]>
<Identifier   "ident"       [2]>
<Semicolon    ";"           [2]>
<RightBrace   "}"           [3]>
<Fun          "fn"          [5]>
<Identifier   "main"        [5]>
<LeftParen    "("           [5]>
<RightParen   ")"           [5]>
<RightArrow   "->"          [5]>
<SimpleType   "int"         [5]>
<LeftBrace    "{"           [5]>
<Var          "let"         [6]>
<Identifier   "x"           [6]>
<Equal        "="           [6]>
<Number       "90"          [6]>
<Semicolon    ";"           [6]>
<Var          "let"         [7]>
<Identifier   "x"           [7]>
<Equal        "="           [7]>
<Identifier   "test_generic" [7]>
<LeftParen    "("           [7]>
<Identifier   "x"           [7]>
<RightParen   ")"           [7]>
<Semicolon    ";"           [7]>
<Var          "let"         [9]>
<Identifier   "y"           [9]>
<Equal        "="           [9]>
<Number       "90.0"        [9]>
<Semicolon    ";"           [9]>
<Var          "let"         [10]>
<Identifier   "y"           [10]>
<Equal        "="           [10]>
<Identifier   "test_generic" [10]>
<LeftParen    "("           [10]>
<Identifier   "y"           [10]>
<RightParen   ")"           [10]>
<Semicolon    ";"           [10]>
<Var          "let"         [12]>
<Identifier   "z"           [12]>
<Equal        "="           [12]>
<Number       "90"          [12]>
<Semicolon    ";"           [12]>
<Var          "let"         [13]>
<Identifier   "z"           [13]>
<Equal        "="           [13]>
<Identifier   "test_generic" [13]>
<LeftParen    "("           [13]>
<Identifier   "z"           [13]>
<RightParen   ")"           [13]>
<Semicolon    ";"           [13]>
<Return       "return"      [15]>
<Identifier   "x"           [15]>
<Plus         "+"           [15]>
<Cast         "#"           [15]>
<Identifier   "y"           [15]>
<Plus         "+"           [15]>
<Identifier   "z"           [15]>
<Semicolon    ";"           [15]>
<RightBrace   "}"           [16]>
<Eof          ""            [16]>
