---
source: tests/integration_test.rs
expression: result
---
<Fun          "fn"          [1]>
<Identifier   "mod"         [1]>
<LeftParen    "("           [1]>
<Identifier   "i"           [1]>
<Colon        ":"           [1]>
<SimpleType   "int"         [1]>
<Comma        ","           [1]>
<Identifier   "j"           [1]>
<Colon        ":"           [1]>
<SimpleType   "int"         [1]>
<RightParen   ")"           [1]>
<RightArrow   "->"          [1]>
<SimpleType   "int"         [1]>
<LeftBrace    "{"           [1]>
<Return       "return"      [2]>
<Identifier   "i"           [2]>
<Minus        "-"           [2]>
<LeftParen    "("           [2]>
<Identifier   "i"           [2]>
<Slash        "/"           [2]>
<Identifier   "j"           [2]>
<RightParen   ")"           [2]>
<Star         "*"           [2]>
<Identifier   "j"           [2]>
<Semicolon    ";"           [2]>
<RightBrace   "}"           [3]>
<Fun          "fun"         [5]>
<Identifier   "main"        [5]>
<LeftParen    "("           [5]>
<RightParen   ")"           [5]>
<RightArrow   "->"          [5]>
<SimpleType   "int"         [5]>
<LeftBrace    "{"           [5]>
<Var          "var"         [6]>
<Identifier   "num"         [6]>
<Equal        "="           [6]>
<Number       "1"           [6]>
<Semicolon    ";"           [6]>
<While        "while"       [7]>
<LeftParen    "("           [7]>
<Identifier   "mod"         [7]>
<LeftParen    "("           [7]>
<Identifier   "num"         [7]>
<Star         "*"           [7]>
<Identifier   "num"         [7]>
<Comma        ","           [7]>
<Number       "1000000"     [7]>
<RightParen   ")"           [7]>
<BangEqual    "!="          [7]>
<Number       "269696"      [7]>
<RightParen   ")"           [7]>
<LeftBrace    "{"           [7]>
<Identifier   "num"         [8]>
<Equal        "="           [8]>
<Identifier   "num"         [8]>
<Plus         "+"           [8]>
<Number       "1"           [8]>
<Semicolon    ";"           [8]>
<RightBrace   "}"           [9]>
<Return       "return"      [10]>
<Identifier   "num"         [10]>
<Semicolon    ";"           [10]>
<RightBrace   "}"           [11]>
<Eof          ""            [11]>
