---
source: tests/integration_test.rs
expression: tokens
---
[
    "<Type         \"type\"        [1]>",
    "<Less         \"<\"           [1]>",
    "<Identifier   \"T\"           [1]>",
    "<Greater      \">\"           [1]>",
    "<Identifier   \"linkedList\"  [1]>",
    "<Struct       \"struct\"      [1]>",
    "<LeftBrace    \"{\"           [1]>",
    "<Identifier   \"data\"        [2]>",
    "<Colon        \":\"           [2]>",
    "<Identifier   \"T\"           [2]>",
    "<Comma        \",\"           [2]>",
    "<Identifier   \"next\"        [3]>",
    "<Colon        \":\"           [3]>",
    "<Star         \"*\"           [3]>",
    "<Struct       \"struct\"      [3]>",
    "<Identifier   \"linkedList\"  [3]>",
    "<Less         \"<\"           [3]>",
    "<Identifier   \"T\"           [3]>",
    "<Greater      \">\"           [3]>",
    "<RightBrace   \"}\"           [4]>",
    "<Semicolon    \";\"           [4]>",
    "<Fun          \"fn\"          [6]>",
    "<Identifier   \"main\"        [6]>",
    "<LeftParen    \"(\"           [6]>",
    "<RightParen   \")\"           [6]>",
    "<RightArrow   \"->\"          [6]>",
    "<SimpleType   \"int\"         [6]>",
    "<LeftBrace    \"{\"           [6]>",
    "<Var          \"var\"         [7]>",
    "<Identifier   \"head\"        [7]>",
    "<Equal        \"=\"           [7]>",
    "<Struct       \"struct\"      [7]>",
    "<Identifier   \"linkedList\"  [7]>",
    "<LeftBrace    \"{\"           [7]>",
    "<Identifier   \"data\"        [7]>",
    "<Colon        \":\"           [7]>",
    "<Number       \"10\"          [7]>",
    "<Comma        \",\"           [7]>",
    "<Identifier   \"next\"        [7]>",
    "<Colon        \":\"           [7]>",
    "<Number       \"0\"           [7]>",
    "<RightBrace   \"}\"           [7]>",
    "<Semicolon    \";\"           [7]>",
    "<Var          \"var\"         [8]>",
    "<Identifier   \"current\"     [8]>",
    "<Equal        \"=\"           [8]>",
    "<Amp          \"&\"           [8]>",
    "<Identifier   \"head\"        [8]>",
    "<Semicolon    \";\"           [8]>",
    "<For          \"for\"         [10]>",
    "<LeftParen    \"(\"           [10]>",
    "<Var          \"var\"         [10]>",
    "<Identifier   \"i\"           [10]>",
    "<Equal        \"=\"           [10]>",
    "<Number       \"0\"           [10]>",
    "<Semicolon    \";\"           [10]>",
    "<Identifier   \"i\"           [10]>",
    "<Less         \"<\"           [10]>",
    "<Number       \"10\"          [10]>",
    "<Semicolon    \";\"           [10]>",
    "<Identifier   \"i\"           [10]>",
    "<Equal        \"=\"           [10]>",
    "<Identifier   \"i\"           [10]>",
    "<Plus         \"+\"           [10]>",
    "<Number       \"1\"           [10]>",
    "<RightParen   \")\"           [10]>",
    "<LeftBrace    \"{\"           [10]>",
    "<Identifier   \"current\"     [11]>",
    "<RightArrow   \"->\"          [11]>",
    "<Identifier   \"next\"        [11]>",
    "<Equal        \"=\"           [11]>",
    "<Identifier   \"malloc\"      [11]>",
    "<LeftParen    \"(\"           [11]>",
    "<Sizeof       \"sizeof\"      [11]>",
    "<Struct       \"struct\"      [11]>",
    "<Identifier   \"linkedList\"  [11]>",
    "<Less         \"<\"           [11]>",
    "<SimpleType   \"int\"         [11]>",
    "<Greater      \">\"           [11]>",
    "<RightParen   \")\"           [11]>",
    "<Semicolon    \";\"           [11]>",
    "<Identifier   \"current\"     [12]>",
    "<RightArrow   \"->\"          [12]>",
    "<Identifier   \"next\"        [12]>",
    "<RightArrow   \"->\"          [12]>",
    "<Identifier   \"data\"        [12]>",
    "<Equal        \"=\"           [12]>",
    "<Number       \"9\"           [12]>",
    "<Minus        \"-\"           [12]>",
    "<Identifier   \"i\"           [12]>",
    "<Semicolon    \";\"           [12]>",
    "<Identifier   \"current\"     [13]>",
    "<Equal        \"=\"           [13]>",
    "<Identifier   \"current\"     [13]>",
    "<RightArrow   \"->\"          [13]>",
    "<Identifier   \"next\"        [13]>",
    "<Semicolon    \";\"           [13]>",
    "<RightBrace   \"}\"           [14]>",
    "<Var          \"var\"         [16]>",
    "<Identifier   \"sum\"         [16]>",
    "<Equal        \"=\"           [16]>",
    "<Number       \"0\"           [16]>",
    "<Semicolon    \";\"           [16]>",
    "<For          \"for\"         [17]>",
    "<LeftParen    \"(\"           [17]>",
    "<Var          \"var\"         [17]>",
    "<Identifier   \"current\"     [17]>",
    "<Equal        \"=\"           [17]>",
    "<Amp          \"&\"           [17]>",
    "<Identifier   \"head\"        [17]>",
    "<Semicolon    \";\"           [17]>",
    "<Identifier   \"current\"     [17]>",
    "<RightArrow   \"->\"          [17]>",
    "<Identifier   \"data\"        [17]>",
    "<BangEqual    \"!=\"          [17]>",
    "<Number       \"0\"           [17]>",
    "<Semicolon    \";\"           [17]>",
    "<Identifier   \"current\"     [17]>",
    "<Equal        \"=\"           [17]>",
    "<Identifier   \"current\"     [17]>",
    "<RightArrow   \"->\"          [17]>",
    "<Identifier   \"next\"        [17]>",
    "<RightParen   \")\"           [17]>",
    "<LeftBrace    \"{\"           [17]>",
    "<Identifier   \"sum\"         [18]>",
    "<Equal        \"=\"           [18]>",
    "<Identifier   \"sum\"         [18]>",
    "<Plus         \"+\"           [18]>",
    "<Identifier   \"current\"     [18]>",
    "<RightArrow   \"->\"          [18]>",
    "<Identifier   \"data\"        [18]>",
    "<Semicolon    \";\"           [18]>",
    "<RightBrace   \"}\"           [19]>",
    "<Return       \"return\"      [20]>",
    "<Identifier   \"sum\"         [20]>",
    "<Semicolon    \";\"           [20]>",
    "<RightBrace   \"}\"           [21]>",
    "<Eof          \"\"            [21]>",
]
