---
source: tests/integration_test.rs
expression: result
---
<Include      "include"     [1]>
<String       "\"arena_alloc.ser\"" [1]>
<Semicolon    ";"           [1]>
<Var          "let"         [3]>
<Identifier   "arena"       [3]>
<Colon        ":"           [3]>
<Struct       "struct"      [3]>
<Identifier   "Arena"       [3]>
<Semicolon    ";"           [3]>
<Type         "type"        [5]>
<Identifier   "generator"   [5]>
<Interface    "interface"   [5]>
<LeftBrace    "{"           [5]>
<Identifier   "next"        [6]>
<Colon        ":"           [6]>
<Fun          "fn"          [6]>
<LeftParen    "("           [6]>
<RightParen   ")"           [6]>
<RightArrow   "->"          [6]>
<SimpleType   "int"         [6]>
<Comma        ","           [6]>
<RightBrace   "}"           [7]>
<Semicolon    ";"           [7]>
<Type         "type"        [9]>
<Identifier   "nat_gen"     [9]>
<Struct       "struct"      [9]>
<LeftBrace    "{"           [9]>
<Identifier   "i"           [10]>
<Colon        ":"           [10]>
<SimpleType   "int"         [10]>
<Comma        ","           [10]>
<RightBrace   "}"           [11]>
<Implements   "implements"  [11]>
<Identifier   "generator"   [11]>
<Semicolon    ";"           [11]>
<Fun          "fun"         [13]>
<LeftParen    "("           [13]>
<Identifier   "self"        [13]>
<Colon        ":"           [13]>
<Star         "*"           [13]>
<Struct       "struct"      [13]>
<Identifier   "nat_gen"     [13]>
<RightParen   ")"           [13]>
<Identifier   "next"        [13]>
<LeftParen    "("           [13]>
<RightParen   ")"           [13]>
<RightArrow   "->"          [13]>
<SimpleType   "int"         [13]>
<LeftBrace    "{"           [13]>
<Var          "let"         [14]>
<Identifier   "i"           [14]>
<Equal        "="           [14]>
<Identifier   "self"        [14]>
<RightArrow   "->"          [14]>
<Identifier   "i"           [14]>
<Semicolon    ";"           [14]>
<Identifier   "self"        [15]>
<RightArrow   "->"          [15]>
<Identifier   "i"           [15]>
<Equal        "="           [15]>
<Identifier   "i"           [15]>
<Plus         "+"           [15]>
<Number       "1"           [15]>
<Semicolon    ";"           [15]>
<Return       "return"      [16]>
<Identifier   "i"           [16]>
<Semicolon    ";"           [16]>
<RightBrace   "}"           [17]>
<Type         "type"        [19]>
<Identifier   "identity"    [19]>
<Struct       "struct"      [19]>
<LeftBrace    "{"           [19]>
<Identifier   "gen"         [20]>
<Colon        ":"           [20]>
<Impl         "impl"        [20]>
<Identifier   "generator"   [20]>
<Comma        ","           [20]>
<RightBrace   "}"           [21]>
<Implements   "implements"  [21]>
<Identifier   "generator"   [21]>
<Semicolon    ";"           [21]>
<Fun          "fun"         [23]>
<LeftParen    "("           [23]>
<Identifier   "self"        [23]>
<Colon        ":"           [23]>
<Star         "*"           [23]>
<Struct       "struct"      [23]>
<Identifier   "identity"    [23]>
<RightParen   ")"           [23]>
<Identifier   "next"        [23]>
<LeftParen    "("           [23]>
<RightParen   ")"           [23]>
<RightArrow   "->"          [23]>
<SimpleType   "int"         [23]>
<LeftBrace    "{"           [23]>
<Return       "return"      [24]>
<Identifier   "self"        [24]>
<RightArrow   "->"          [24]>
<Identifier   "gen"         [24]>
<Dot          "."           [24]>
<Identifier   "next"        [24]>
<LeftParen    "("           [24]>
<RightParen   ")"           [24]>
<Semicolon    ";"           [24]>
<RightBrace   "}"           [25]>
<Type         "type"        [27]>
<Less         "<"           [27]>
<Identifier   "C"           [27]>
<Greater      ">"           [27]>
<Identifier   "filter"      [27]>
<Struct       "struct"      [27]>
<LeftBrace    "{"           [27]>
<Identifier   "gen"         [28]>
<Colon        ":"           [28]>
<Impl         "impl"        [28]>
<Identifier   "generator"   [28]>
<Comma        ","           [28]>
<Identifier   "pred"        [29]>
<Colon        ":"           [29]>
<Fun          "fn"          [29]>
<LeftBracket  "["           [29]>
<Identifier   "C"           [29]>
<RightBracket "]"           [29]>
<LeftParen    "("           [29]>
<SimpleType   "int"         [29]>
<RightParen   ")"           [29]>
<RightArrow   "->"          [29]>
<SimpleType   "bool"        [29]>
<Comma        ","           [29]>
<RightBrace   "}"           [30]>
<Implements   "implements"  [30]>
<Identifier   "generator"   [30]>
<Semicolon    ";"           [30]>
<Fun          "fun"         [32]>
<LeftParen    "("           [32]>
<Identifier   "self"        [32]>
<Colon        ":"           [32]>
<Star         "*"           [32]>
<Struct       "struct"      [32]>
<Identifier   "filter"      [32]>
<RightParen   ")"           [32]>
<Identifier   "next"        [32]>
<LeftParen    "("           [32]>
<RightParen   ")"           [32]>
<RightArrow   "->"          [32]>
<SimpleType   "int"         [32]>
<LeftBrace    "{"           [32]>
<Var          "let"         [33]>
<Identifier   "pred"        [33]>
<Equal        "="           [33]>
<Identifier   "self"        [33]>
<RightArrow   "->"          [33]>
<Identifier   "pred"        [33]>
<Semicolon    ";"           [33]>
<Var          "var"         [34]>
<Identifier   "i"           [34]>
<Equal        "="           [34]>
<Identifier   "self"        [34]>
<RightArrow   "->"          [34]>
<Identifier   "gen"         [34]>
<Dot          "."           [34]>
<Identifier   "next"        [34]>
<LeftParen    "("           [34]>
<RightParen   ")"           [34]>
<Semicolon    ";"           [34]>
<While        "while"       [35]>
<LeftParen    "("           [35]>
<Bang         "!"           [35]>
<Identifier   "pred"        [35]>
<LeftParen    "("           [35]>
<Identifier   "i"           [35]>
<RightParen   ")"           [35]>
<RightParen   ")"           [35]>
<LeftBrace    "{"           [35]>
<Identifier   "i"           [36]>
<Equal        "="           [36]>
<Identifier   "self"        [36]>
<RightArrow   "->"          [36]>
<Identifier   "gen"         [36]>
<Dot          "."           [36]>
<Identifier   "next"        [36]>
<LeftParen    "("           [36]>
<RightParen   ")"           [36]>
<Semicolon    ";"           [36]>
<RightBrace   "}"           [37]>
<Return       "return"      [38]>
<Identifier   "i"           [38]>
<Semicolon    ";"           [38]>
<RightBrace   "}"           [39]>
<Type         "type"        [41]>
<Identifier   "seive"       [41]>
<Struct       "struct"      [41]>
<LeftBrace    "{"           [41]>
<Identifier   "gen"         [42]>
<Colon        ":"           [42]>
<Impl         "impl"        [42]>
<Identifier   "generator"   [42]>
<Comma        ","           [42]>
<RightBrace   "}"           [43]>
<Implements   "implements"  [43]>
<Identifier   "generator"   [43]>
<Semicolon    ";"           [43]>
<Fun          "fun"         [45]>
<Identifier   "divides"     [45]>
<LeftParen    "("           [45]>
<Identifier   "a"           [45]>
<Colon        ":"           [45]>
<SimpleType   "int"         [45]>
<Comma        ","           [45]>
<Identifier   "b"           [45]>
<Colon        ":"           [45]>
<SimpleType   "int"         [45]>
<RightParen   ")"           [45]>
<RightArrow   "->"          [45]>
<SimpleType   "bool"        [45]>
<LeftBrace    "{"           [45]>
<Return       "return"      [46]>
<SimpleType   "float"       [46]>
<LeftParen    "("           [46]>
<Identifier   "a"           [46]>
<Slash        "/"           [46]>
<Identifier   "b"           [46]>
<RightParen   ")"           [46]>
<EqualEqual   "=="          [46]>
<Cast         "#"           [46]>
<Identifier   "a"           [46]>
<Slash        "/"           [46]>
<Cast         "#"           [46]>
<Identifier   "b"           [46]>
<Semicolon    ";"           [46]>
<RightBrace   "}"           [47]>
<Fun          "fun"         [48]>
<Less         "<"           [48]>
<Identifier   "C"           [48]>
<Greater      ">"           [48]>
<Identifier   "not"         [48]>
<LeftParen    "("           [48]>
<Identifier   "pred"        [48]>
<Colon        ":"           [48]>
<Fun          "fn"          [48]>
<LeftBracket  "["           [48]>
<Identifier   "C"           [48]>
<RightBracket "]"           [48]>
<LeftParen    "("           [48]>
<SimpleType   "int"         [48]>
<RightParen   ")"           [48]>
<RightArrow   "->"          [48]>
<SimpleType   "bool"        [48]>
<RightParen   ")"           [48]>
<RightArrow   "->"          [48]>
<Fun          "fn"          [48]>
<LeftBracket  "["           [48]>
<Fun          "fn"          [48]>
<LeftBracket  "["           [48]>
<Identifier   "C"           [48]>
<RightBracket "]"           [48]>
<LeftParen    "("           [48]>
<SimpleType   "int"         [48]>
<RightParen   ")"           [48]>
<RightArrow   "->"          [48]>
<SimpleType   "bool"        [48]>
<RightBracket "]"           [48]>
<LeftParen    "("           [48]>
<SimpleType   "int"         [48]>
<RightParen   ")"           [48]>
<RightArrow   "->"          [48]>
<SimpleType   "bool"        [48]>
<LeftBrace    "{"           [48]>
<Return       "return"      [49]>
<Lambda       "lambda"      [49]>
<LeftBracket  "["           [49]>
<Identifier   "pred"        [49]>
<RightBracket "]"           [49]>
<LeftParen    "("           [49]>
<Identifier   "x"           [49]>
<Colon        ":"           [49]>
<SimpleType   "int"         [49]>
<RightParen   ")"           [49]>
<RightArrow   "->"          [49]>
<SimpleType   "bool"        [49]>
<LeftBrace    "{"           [49]>
<Return       "return"      [50]>
<Bang         "!"           [50]>
<Identifier   "pred"        [50]>
<LeftParen    "("           [50]>
<Identifier   "x"           [50]>
<RightParen   ")"           [50]>
<Semicolon    ";"           [50]>
<RightBrace   "}"           [51]>
<Semicolon    ";"           [51]>
<RightBrace   "}"           [52]>
<Fun          "fun"         [54]>
<LeftParen    "("           [54]>
<Identifier   "self"        [54]>
<Colon        ":"           [54]>
<Star         "*"           [54]>
<Struct       "struct"      [54]>
<Identifier   "seive"       [54]>
<RightParen   ")"           [54]>
<Identifier   "next"        [54]>
<LeftParen    "("           [54]>
<RightParen   ")"           [54]>
<RightArrow   "->"          [54]>
<SimpleType   "int"         [54]>
<LeftBrace    "{"           [54]>
<Var          "var"         [55]>
<Identifier   "gen"         [55]>
<Equal        "="           [55]>
<Identifier   "self"        [55]>
<RightArrow   "->"          [55]>
<Identifier   "gen"         [55]>
<Semicolon    ";"           [55]>
<Var          "var"         [56]>
<Identifier   "i"           [56]>
<Equal        "="           [56]>
<Identifier   "gen"         [56]>
<Dot          "."           [56]>
<Identifier   "next"        [56]>
<LeftParen    "("           [56]>
<RightParen   ")"           [56]>
<Semicolon    ";"           [56]>
<Var          "let"         [58]>
<Identifier   "pred"        [58]>
<Equal        "="           [58]>
<Identifier   "divides"     [58]>
<LeftParen    "("           [58]>
<Identifier   "_"           [58]>
<Comma        ","           [58]>
<Identifier   "i"           [58]>
<RightParen   ")"           [58]>
<Semicolon    ";"           [58]>
<Var          "let"         [59]>
<Identifier   "pred"        [59]>
<Equal        "="           [59]>
<Identifier   "not"         [59]>
<LeftParen    "("           [59]>
<Identifier   "pred"        [59]>
<RightParen   ")"           [59]>
<Semicolon    ";"           [59]>
<Var          "let"         [60]>
<Identifier   "filter"      [60]>
<Colon        ":"           [60]>
<Star         "*"           [60]>
<Struct       "struct"      [60]>
<Identifier   "filter"      [60]>
<Equal        "="           [60]>
<Identifier   "arena"       [60]>
<Dot          "."           [60]>
<Identifier   "alloc"       [60]>
<LeftParen    "("           [60]>
<Sizeof       "sizeof"      [60]>
<LeftParen    "("           [60]>
<Struct       "struct"      [60]>
<Identifier   "filter"      [60]>
<RightParen   ")"           [60]>
<RightParen   ")"           [60]>
<Semicolon    ";"           [60]>
<Star         "*"           [61]>
<Identifier   "filter"      [61]>
<Equal        "="           [61]>
<Struct       "struct"      [61]>
<Identifier   "filter"      [61]>
<LeftBrace    "{"           [61]>
<Identifier   "gen"         [61]>
<Colon        ":"           [61]>
<Identifier   "self"        [61]>
<RightArrow   "->"          [61]>
<Identifier   "gen"         [61]>
<Comma        ","           [61]>
<Identifier   "pred"        [61]>
<Colon        ":"           [61]>
<Identifier   "pred"        [61]>
<RightBrace   "}"           [61]>
<Semicolon    ";"           [61]>
<Identifier   "self"        [62]>
<RightArrow   "->"          [62]>
<Identifier   "gen"         [62]>
<Equal        "="           [62]>
<Identifier   "filter_impl_generator" [62]>
<LeftParen    "("           [62]>
<Identifier   "filter"      [62]>
<RightParen   ")"           [62]>
<Semicolon    ";"           [62]>
<Return       "return"      [63]>
<Identifier   "i"           [63]>
<Semicolon    ";"           [63]>
<RightBrace   "}"           [64]>
<Const        "const"       [66]>
<Identifier   "NPRIMES"     [66]>
<Equal        "="           [66]>
<Number       "100"         [66]>
<Semicolon    ";"           [66]>
<Fun          "fn"          [68]>
<Identifier   "main"        [68]>
<LeftParen    "("           [68]>
<RightParen   ")"           [68]>
<RightArrow   "->"          [68]>
<SimpleType   "int"         [68]>
<LeftBrace    "{"           [68]>
<Identifier   "arena"       [69]>
<Equal        "="           [69]>
<Identifier   "create_arena" [69]>
<LeftParen    "("           [69]>
<RightParen   ")"           [69]>
<Semicolon    ";"           [69]>
<Var          "var"         [70]>
<Identifier   "nats"        [70]>
<Equal        "="           [70]>
<Struct       "struct"      [70]>
<Identifier   "nat_gen"     [70]>
<LeftBrace    "{"           [70]>
<Identifier   "i"           [70]>
<Colon        ":"           [70]>
<Number       "2"           [70]>
<RightBrace   "}"           [70]>
<Semicolon    ";"           [70]>
<Var          "var"         [72]>
<Identifier   "gen"         [72]>
<Equal        "="           [72]>
<Struct       "struct"      [72]>
<Identifier   "seive"       [72]>
<LeftBrace    "{"           [72]>
<Identifier   "gen"         [72]>
<Colon        ":"           [72]>
<Identifier   "nat_gen_impl_generator" [72]>
<LeftParen    "("           [72]>
<Amp          "&"           [72]>
<Identifier   "nats"        [72]>
<RightParen   ")"           [72]>
<RightBrace   "}"           [72]>
<Semicolon    ";"           [72]>
<Var          "var"         [74]>
<Identifier   "prod"        [74]>
<Equal        "="           [74]>
<Number       "1"           [74]>
<Semicolon    ";"           [74]>
<For          "for"         [75]>
<LeftParen    "("           [75]>
<Var          "var"         [75]>
<Identifier   "i"           [75]>
<Equal        "="           [75]>
<Number       "0"           [75]>
<Semicolon    ";"           [75]>
<Identifier   "i"           [75]>
<Less         "<"           [75]>
<Identifier   "NPRIMES"     [75]>
<Semicolon    ";"           [75]>
<Identifier   "i"           [75]>
<Equal        "="           [75]>
<Identifier   "i"           [75]>
<Plus         "+"           [75]>
<Number       "1"           [75]>
<RightParen   ")"           [75]>
<LeftBrace    "{"           [75]>
<Var          "let"         [76]>
<Identifier   "p"           [76]>
<Equal        "="           [76]>
<Identifier   "gen"         [76]>
<Dot          "."           [76]>
<Identifier   "next"        [76]>
<LeftParen    "("           [76]>
<RightParen   ")"           [76]>
<Semicolon    ";"           [76]>
<Identifier   "prod"        [77]>
<Equal        "="           [77]>
<Identifier   "prod"        [77]>
<Star         "*"           [77]>
<Identifier   "p"           [77]>
<Semicolon    ";"           [77]>
<RightBrace   "}"           [78]>
<Identifier   "arena"       [80]>
<Dot          "."           [80]>
<Identifier   "destroy"     [80]>
<LeftParen    "("           [80]>
<RightParen   ")"           [80]>
<Semicolon    ";"           [80]>
<Return       "return"      [81]>
<Identifier   "prod"        [81]>
<Semicolon    ";"           [81]>
<RightBrace   "}"           [82]>
<Eof          ""            [82]>
