---
source: tests/integration_test.rs
expression: result
---
; ModuleID = 'main'
source_filename = "main"

@main = global { ptr } { ptr @main_i64 }

declare i8 @printf(ptr, ...)

declare ptr @malloc(i64)

declare i8 @free(ptr)

declare i8 @usleep(i64)

define i64 @main_i64() {
entry:
  %s_conc2 = alloca { i64, double }, align 8
  %struct_init = alloca { double, double }, align 8
  %s_conc = alloca { double, double }, align 8
  %field = getelementptr inbounds nuw { double, double }, ptr %struct_init, i32 0, i32 0
  store double 6.200000e+00, ptr %field, align 8
  %field1 = getelementptr inbounds nuw { double, double }, ptr %struct_init, i32 0, i32 1
  store double 0.000000e+00, ptr %field1, align 8
  %struct_init2 = load { double, double }, ptr %struct_init, align 8
  store { double, double } %struct_init2, ptr %s_conc, align 8
  %field3 = getelementptr inbounds nuw { i64, double }, ptr %s_conc2, i32 0, i32 0
  store i64 6, ptr %field3, align 4
  %field4 = getelementptr inbounds nuw { i64, double }, ptr %s_conc2, i32 0, i32 0
  %rval = load i64, ptr %field4, align 4
  ret i64 %rval
}
