---
source: tests/integration_test.rs
expression: result
---
<Const        "const"       [1]>
<Identifier   "NPRIMES"     [1]>
<Equal        "="           [1]>
<Number       "10000000u"   [1]>
<Semicolon    ";"           [1]>
<Fun          "fn"          [3]>
<Identifier   "pow"         [3]>
<LeftParen    "("           [3]>
<Identifier   "base"        [3]>
<Colon        ":"           [3]>
<SimpleType   "int"         [3]>
<Comma        ","           [3]>
<Identifier   "exp"         [3]>
<Colon        ":"           [3]>
<SimpleType   "int"         [3]>
<RightParen   ")"           [3]>
<RightArrow   "->"          [3]>
<SimpleType   "int"         [3]>
<LeftBrace    "{"           [3]>
<Var          "var"         [4]>
<Identifier   "result"      [4]>
<Equal        "="           [4]>
<Number       "1"           [4]>
<Semicolon    ";"           [4]>
<Var          "var"         [5]>
<Identifier   "i"           [5]>
<Equal        "="           [5]>
<Number       "0"           [5]>
<Semicolon    ";"           [5]>
<While        "while"       [6]>
<LeftParen    "("           [6]>
<Identifier   "i"           [6]>
<Less         "<"           [6]>
<Identifier   "exp"         [6]>
<RightParen   ")"           [6]>
<LeftBrace    "{"           [6]>
<Identifier   "result"      [7]>
<Equal        "="           [7]>
<Identifier   "result"      [7]>
<Star         "*"           [7]>
<Identifier   "base"        [7]>
<Semicolon    ";"           [7]>
<Identifier   "i"           [8]>
<Equal        "="           [8]>
<Identifier   "i"           [8]>
<Plus         "+"           [8]>
<Number       "1"           [8]>
<Semicolon    ";"           [8]>
<RightBrace   "}"           [9]>
<Return       "return"      [10]>
<Identifier   "result"      [10]>
<Semicolon    ";"           [10]>
<RightBrace   "}"           [11]>
<Fun          "fn"          [13]>
<Identifier   "seive"       [13]>
<LeftParen    "("           [13]>
<Identifier   "candidates"  [13]>
<Colon        ":"           [13]>
<Star         "*"           [13]>
<SimpleType   "int"         [13]>
<Comma        ","           [13]>
<Identifier   "n"           [13]>
<Colon        ":"           [13]>
<SimpleType   "int"         [13]>
<RightParen   ")"           [13]>
<LeftBrace    "{"           [13]>
<Var          "var"         [14]>
<Identifier   "i"           [14]>
<Equal        "="           [14]>
<Number       "2"           [14]>
<Semicolon    ";"           [14]>
<While        "while"       [15]>
<LeftParen    "("           [15]>
<Identifier   "i"           [15]>
<Less         "<"           [15]>
<Identifier   "n"           [15]>
<RightParen   ")"           [15]>
<LeftBrace    "{"           [15]>
<If           "if"          [16]>
<LeftParen    "("           [16]>
<Identifier   "candidates"  [16]>
<LeftBracket  "["           [16]>
<Identifier   "i"           [16]>
<RightBracket "]"           [16]>
<EqualEqual   "=="          [16]>
<Number       "0"           [16]>
<RightParen   ")"           [16]>
<LeftBrace    "{"           [16]>
<Identifier   "i"           [17]>
<Equal        "="           [17]>
<Identifier   "i"           [17]>
<Plus         "+"           [17]>
<Number       "1"           [17]>
<Semicolon    ";"           [17]>
<Continue     "continue"    [18]>
<Semicolon    ";"           [18]>
<RightBrace   "}"           [19]>
<Var          "var"         [20]>
<Identifier   "j"           [20]>
<Equal        "="           [20]>
<Identifier   "i"           [20]>
<Plus         "+"           [20]>
<Identifier   "i"           [20]>
<Semicolon    ";"           [20]>
<While        "while"       [21]>
<LeftParen    "("           [21]>
<Identifier   "j"           [21]>
<Less         "<"           [21]>
<Identifier   "n"           [21]>
<RightParen   ")"           [21]>
<LeftBrace    "{"           [21]>
<Identifier   "candidates"  [22]>
<LeftBracket  "["           [22]>
<Identifier   "j"           [22]>
<RightBracket "]"           [22]>
<Equal        "="           [22]>
<Number       "0"           [22]>
<Semicolon    ";"           [22]>
<Identifier   "j"           [23]>
<Equal        "="           [23]>
<Identifier   "j"           [23]>
<Plus         "+"           [23]>
<Identifier   "i"           [23]>
<Semicolon    ";"           [23]>
<RightBrace   "}"           [24]>
<Identifier   "i"           [25]>
<Equal        "="           [25]>
<Identifier   "i"           [25]>
<Plus         "+"           [25]>
<Number       "1"           [25]>
<Semicolon    ";"           [25]>
<RightBrace   "}"           [26]>
<RightBrace   "}"           [27]>
<Var          "var"         [30]>
<Identifier   "PRIMES"      [30]>
<Colon        ":"           [30]>
<LeftBracket  "["           [30]>
<SimpleType   "int"         [30]>
<Semicolon    ";"           [30]>
<Identifier   "NPRIMES"     [30]>
<RightBracket "]"           [30]>
<Semicolon    ";"           [30]>
<Var          "var"         [32]>
<Identifier   "transitions" [32]>
<Colon        ":"           [32]>
<LeftBracket  "["           [32]>
<LeftBracket  "["           [32]>
<SimpleType   "int"         [32]>
<Semicolon    ";"           [32]>
<Number       "10"          [32]>
<RightBracket "]"           [32]>
<Semicolon    ";"           [32]>
<Number       "10"          [32]>
<RightBracket "]"           [32]>
<Semicolon    ";"           [32]>
<Fun          "fn"          [34]>
<Identifier   "main"        [34]>
<LeftParen    "("           [34]>
<RightParen   ")"           [34]>
<RightArrow   "->"          [34]>
<SimpleType   "int"         [34]>
<LeftBrace    "{"           [34]>
<Var          "var"         [37]>
<Identifier   "i"           [37]>
<Equal        "="           [37]>
<Number       "0"           [37]>
<Semicolon    ";"           [37]>
<While        "while"       [39]>
<LeftParen    "("           [39]>
<Identifier   "i"           [39]>
<Less         "<"           [39]>
<Identifier   "NPRIMES"     [39]>
<RightParen   ")"           [39]>
<LeftBrace    "{"           [39]>
<Identifier   "PRIMES"      [40]>
<LeftBracket  "["           [40]>
<Identifier   "i"           [40]>
<RightBracket "]"           [40]>
<Equal        "="           [40]>
<Identifier   "i"           [40]>
<Semicolon    ";"           [40]>
<Identifier   "i"           [41]>
<Equal        "="           [41]>
<Identifier   "i"           [41]>
<Plus         "+"           [41]>
<Number       "1"           [41]>
<Semicolon    ";"           [41]>
<RightBrace   "}"           [42]>
<Identifier   "seive"       [44]>
<LeftParen    "("           [44]>
<Identifier   "PRIMES"      [44]>
<Comma        ","           [44]>
<Identifier   "NPRIMES"     [44]>
<RightParen   ")"           [44]>
<Semicolon    ";"           [44]>
<Identifier   "i"           [46]>
<Equal        "="           [46]>
<Number       "3"           [46]>
<Semicolon    ";"           [46]>
<Var          "var"         [47]>
<Identifier   "last_prime"  [47]>
<Equal        "="           [47]>
<Number       "2"           [47]>
<Semicolon    ";"           [47]>
<While        "while"       [49]>
<LeftParen    "("           [49]>
<Identifier   "i"           [49]>
<Less         "<"           [49]>
<Identifier   "NPRIMES"     [49]>
<RightParen   ")"           [49]>
<LeftBrace    "{"           [49]>
<If           "if"          [50]>
<LeftParen    "("           [50]>
<Identifier   "PRIMES"      [50]>
<LeftBracket  "["           [50]>
<Identifier   "i"           [50]>
<RightBracket "]"           [50]>
<BangEqual    "!="          [50]>
<Number       "0"           [50]>
<RightParen   ")"           [50]>
<LeftBrace    "{"           [50]>
<Identifier   "transitions" [51]>
<LeftBracket  "["           [51]>
<Identifier   "last_prime"  [51]>
<Percent      "%"           [51]>
<Number       "10"          [51]>
<RightBracket "]"           [51]>
<LeftBracket  "["           [51]>
<Identifier   "PRIMES"      [51]>
<LeftBracket  "["           [51]>
<Identifier   "i"           [51]>
<RightBracket "]"           [51]>
<Percent      "%"           [51]>
<Number       "10"          [51]>
<RightBracket "]"           [51]>
<Equal        "="           [51]>
<Identifier   "transitions" [51]>
<LeftBracket  "["           [51]>
<Identifier   "last_prime"  [51]>
<Percent      "%"           [51]>
<Number       "10"          [51]>
<RightBracket "]"           [51]>
<LeftBracket  "["           [51]>
<Identifier   "last_prime"  [51]>
<Percent      "%"           [51]>
<Number       "10"          [51]>
<RightBracket "]"           [51]>
<Plus         "+"           [51]>
<Number       "1"           [51]>
<Semicolon    ";"           [51]>
<Identifier   "last_prime"  [52]>
<Equal        "="           [52]>
<Identifier   "PRIMES"      [52]>
<LeftBracket  "["           [52]>
<Identifier   "i"           [52]>
<RightBracket "]"           [52]>
<Semicolon    ";"           [52]>
<RightBrace   "}"           [53]>
<Identifier   "i"           [54]>
<Equal        "="           [54]>
<Identifier   "i"           [54]>
<Plus         "+"           [54]>
<Number       "1"           [54]>
<Semicolon    ";"           [54]>
<RightBrace   "}"           [55]>
<Var          "var"         [57]>
<Identifier   "result"      [57]>
<Equal        "="           [57]>
<Number       "0"           [57]>
<Semicolon    ";"           [57]>
<For          "for"         [59]>
<LeftParen    "("           [59]>
<Var          "var"         [59]>
<Identifier   "i"           [59]>
<Equal        "="           [59]>
<Number       "0"           [59]>
<Semicolon    ";"           [59]>
<Identifier   "i"           [59]>
<Less         "<"           [59]>
<Number       "10"          [59]>
<Semicolon    ";"           [59]>
<Identifier   "i"           [59]>
<Equal        "="           [59]>
<Identifier   "i"           [59]>
<Plus         "+"           [59]>
<Number       "1"           [59]>
<RightParen   ")"           [59]>
<LeftBrace    "{"           [59]>
<If           "if"          [60]>
<LeftParen    "("           [60]>
<Identifier   "i"           [60]>
<BangEqual    "!="          [60]>
<Number       "1"           [60]>
<And          "and"         [60]>
<Identifier   "i"           [60]>
<BangEqual    "!="          [60]>
<Number       "2"           [60]>
<And          "and"         [60]>
<Identifier   "i"           [60]>
<BangEqual    "!="          [60]>
<Number       "3"           [60]>
<And          "and"         [60]>
<Identifier   "i"           [60]>
<BangEqual    "!="          [60]>
<Number       "5"           [60]>
<And          "and"         [60]>
<Identifier   "i"           [60]>
<BangEqual    "!="          [60]>
<Number       "7"           [60]>
<RightParen   ")"           [60]>
<LeftBrace    "{"           [60]>
<Identifier   "i"           [61]>
<Equal        "="           [61]>
<Identifier   "i"           [61]>
<Plus         "+"           [61]>
<Number       "1"           [61]>
<Semicolon    ";"           [61]>
<Continue     "continue"    [62]>
<Semicolon    ";"           [62]>
<RightBrace   "}"           [63]>
<For          "for"         [64]>
<LeftParen    "("           [64]>
<Var          "var"         [64]>
<Identifier   "j"           [64]>
<Equal        "="           [64]>
<Number       "0"           [64]>
<Semicolon    ";"           [64]>
<Identifier   "j"           [64]>
<Less         "<"           [64]>
<Number       "10"          [64]>
<Semicolon    ";"           [64]>
<Identifier   "j"           [64]>
<Equal        "="           [64]>
<Identifier   "j"           [64]>
<Plus         "+"           [64]>
<Number       "1"           [64]>
<RightParen   ")"           [64]>
<LeftBrace    "{"           [64]>
<If           "if"          [65]>
<LeftParen    "("           [65]>
<Identifier   "j"           [65]>
<BangEqual    "!="          [65]>
<Number       "1"           [65]>
<And          "and"         [65]>
<Identifier   "j"           [65]>
<BangEqual    "!="          [65]>
<Number       "3"           [65]>
<And          "and"         [65]>
<Identifier   "j"           [65]>
<BangEqual    "!="          [65]>
<Number       "5"           [65]>
<And          "and"         [65]>
<Identifier   "j"           [65]>
<BangEqual    "!="          [65]>
<Number       "7"           [65]>
<RightParen   ")"           [65]>
<LeftBrace    "{"           [65]>
<Identifier   "j"           [66]>
<Equal        "="           [66]>
<Identifier   "j"           [66]>
<Plus         "+"           [66]>
<Number       "1"           [66]>
<Semicolon    ";"           [66]>
<Continue     "continue"    [67]>
<Semicolon    ";"           [67]>
<RightBrace   "}"           [68]>
<Identifier   "result"      [69]>
<Equal        "="           [69]>
<Identifier   "result"      [69]>
<Plus         "+"           [69]>
<Identifier   "transitions" [69]>
<LeftBracket  "["           [69]>
<Identifier   "i"           [69]>
<RightBracket "]"           [69]>
<LeftBracket  "["           [69]>
<Identifier   "j"           [69]>
<RightBracket "]"           [69]>
<Star         "*"           [69]>
<Identifier   "pow"         [69]>
<LeftParen    "("           [69]>
<Number       "2"           [69]>
<Comma        ","           [69]>
<Identifier   "i"           [69]>
<RightParen   ")"           [69]>
<Star         "*"           [69]>
<Identifier   "pow"         [69]>
<LeftParen    "("           [69]>
<Number       "3"           [69]>
<Comma        ","           [69]>
<Identifier   "j"           [69]>
<RightParen   ")"           [69]>
<Semicolon    ";"           [69]>
<RightBrace   "}"           [70]>
<RightBrace   "}"           [71]>
<Return       "return"      [73]>
<Identifier   "result"      [73]>
<Semicolon    ";"           [73]>
<RightBrace   "}"           [74]>
<Eof          ""            [74]>
