---
source: tests/integration_test.rs
expression: result
---
<Type         "type"        [1]>
<Identifier   "twovec"      [1]>
<Struct       "struct"      [1]>
<LeftBrace    "{"           [1]>
<Identifier   "x"           [2]>
<Colon        ":"           [2]>
<SimpleType   "int"         [2]>
<Comma        ","           [2]>
<Identifier   "y"           [3]>
<Colon        ":"           [3]>
<SimpleType   "int"         [3]>
<Comma        ","           [3]>
<RightBrace   "}"           [4]>
<Semicolon    ";"           [4]>
<Type         "type"        [6]>
<Identifier   "twoxtwomatrix" [6]>
<Struct       "struct"      [6]>
<LeftBrace    "{"           [6]>
<Identifier   "a"           [7]>
<Colon        ":"           [7]>
<Struct       "struct"      [7]>
<Identifier   "twovec"      [7]>
<Comma        ","           [7]>
<Identifier   "b"           [8]>
<Colon        ":"           [8]>
<Struct       "struct"      [8]>
<Identifier   "twovec"      [8]>
<Comma        ","           [8]>
<RightBrace   "}"           [9]>
<Semicolon    ";"           [9]>
<Fun          "fn"          [11]>
<Identifier   "matMult"     [11]>
<LeftParen    "("           [11]>
<Identifier   "ma"          [11]>
<Colon        ":"           [11]>
<Star         "*"           [11]>
<Struct       "struct"      [11]>
<Identifier   "twoxtwomatrix" [11]>
<Comma        ","           [11]>
<Identifier   "mb"          [11]>
<Colon        ":"           [11]>
<Star         "*"           [11]>
<Struct       "struct"      [11]>
<Identifier   "twoxtwomatrix" [11]>
<RightParen   ")"           [11]>
<RightArrow   "->"          [11]>
<Struct       "struct"      [11]>
<Identifier   "twoxtwomatrix" [11]>
<LeftBrace    "{"           [11]>
<Return       "return"      [12]>
<Struct       "struct"      [12]>
<Identifier   "twoxtwomatrix" [12]>
<LeftBrace    "{"           [12]>
<Identifier   "a"           [13]>
<Colon        ":"           [13]>
<Struct       "struct"      [13]>
<Identifier   "twovec"      [13]>
<LeftBrace    "{"           [13]>
<Identifier   "x"           [14]>
<Colon        ":"           [14]>
<Identifier   "ma"          [14]>
<RightArrow   "->"          [14]>
<Identifier   "a"           [14]>
<Dot          "."           [14]>
<Identifier   "x"           [14]>
<Star         "*"           [14]>
<Identifier   "mb"          [14]>
<RightArrow   "->"          [14]>
<Identifier   "a"           [14]>
<Dot          "."           [14]>
<Identifier   "x"           [14]>
<Plus         "+"           [14]>
<Identifier   "ma"          [14]>
<RightArrow   "->"          [14]>
<Identifier   "a"           [14]>
<Dot          "."           [14]>
<Identifier   "y"           [14]>
<Star         "*"           [14]>
<Identifier   "mb"          [14]>
<RightArrow   "->"          [14]>
<Identifier   "b"           [14]>
<Dot          "."           [14]>
<Identifier   "x"           [14]>
<Comma        ","           [14]>
<Identifier   "y"           [15]>
<Colon        ":"           [15]>
<Identifier   "ma"          [15]>
<RightArrow   "->"          [15]>
<Identifier   "a"           [15]>
<Dot          "."           [15]>
<Identifier   "x"           [15]>
<Star         "*"           [15]>
<Identifier   "mb"          [15]>
<RightArrow   "->"          [15]>
<Identifier   "a"           [15]>
<Dot          "."           [15]>
<Identifier   "y"           [15]>
<Plus         "+"           [15]>
<Identifier   "ma"          [15]>
<RightArrow   "->"          [15]>
<Identifier   "a"           [15]>
<Dot          "."           [15]>
<Identifier   "y"           [15]>
<Star         "*"           [15]>
<Identifier   "mb"          [15]>
<RightArrow   "->"          [15]>
<Identifier   "b"           [15]>
<Dot          "."           [15]>
<Identifier   "y"           [15]>
<Comma        ","           [15]>
<RightBrace   "}"           [16]>
<Comma        ","           [16]>
<Identifier   "b"           [17]>
<Colon        ":"           [17]>
<Struct       "struct"      [17]>
<Identifier   "twovec"      [17]>
<LeftBrace    "{"           [17]>
<Identifier   "x"           [18]>
<Colon        ":"           [18]>
<Identifier   "ma"          [18]>
<RightArrow   "->"          [18]>
<Identifier   "b"           [18]>
<Dot          "."           [18]>
<Identifier   "x"           [18]>
<Star         "*"           [18]>
<Identifier   "mb"          [18]>
<RightArrow   "->"          [18]>
<Identifier   "a"           [18]>
<Dot          "."           [18]>
<Identifier   "x"           [18]>
<Plus         "+"           [18]>
<Identifier   "ma"          [18]>
<RightArrow   "->"          [18]>
<Identifier   "b"           [18]>
<Dot          "."           [18]>
<Identifier   "y"           [18]>
<Star         "*"           [18]>
<Identifier   "mb"          [18]>
<RightArrow   "->"          [18]>
<Identifier   "b"           [18]>
<Dot          "."           [18]>
<Identifier   "x"           [18]>
<Comma        ","           [18]>
<Identifier   "y"           [19]>
<Colon        ":"           [19]>
<Identifier   "ma"          [19]>
<RightArrow   "->"          [19]>
<Identifier   "b"           [19]>
<Dot          "."           [19]>
<Identifier   "x"           [19]>
<Star         "*"           [19]>
<Identifier   "mb"          [19]>
<RightArrow   "->"          [19]>
<Identifier   "a"           [19]>
<Dot          "."           [19]>
<Identifier   "y"           [19]>
<Plus         "+"           [19]>
<Identifier   "ma"          [19]>
<RightArrow   "->"          [19]>
<Identifier   "b"           [19]>
<Dot          "."           [19]>
<Identifier   "y"           [19]>
<Star         "*"           [19]>
<Identifier   "mb"          [19]>
<RightArrow   "->"          [19]>
<Identifier   "b"           [19]>
<Dot          "."           [19]>
<Identifier   "y"           [19]>
<Comma        ","           [19]>
<RightBrace   "}"           [20]>
<Comma        ","           [20]>
<RightBrace   "}"           [21]>
<Semicolon    ";"           [21]>
<RightBrace   "}"           [22]>
<Fun          "fn"          [24]>
<Identifier   "fib_mat"     [24]>
<LeftParen    "("           [24]>
<Identifier   "n"           [24]>
<Colon        ":"           [24]>
<SimpleType   "int"         [24]>
<RightParen   ")"           [24]>
<RightArrow   "->"          [24]>
<Struct       "struct"      [24]>
<Identifier   "twoxtwomatrix" [24]>
<LeftBrace    "{"           [24]>
<Var          "let"         [25]>
<Identifier   "baseMat"     [25]>
<Equal        "="           [25]>
<Struct       "struct"      [25]>
<Identifier   "twoxtwomatrix" [25]>
<LeftBrace    "{"           [25]>
<Identifier   "a"           [25]>
<Colon        ":"           [25]>
<Struct       "struct"      [25]>
<Identifier   "twovec"      [25]>
<LeftBrace    "{"           [25]>
<Identifier   "x"           [25]>
<Colon        ":"           [25]>
<Number       "1"           [25]>
<Comma        ","           [25]>
<Identifier   "y"           [25]>
<Colon        ":"           [25]>
<Number       "1"           [25]>
<RightBrace   "}"           [25]>
<Comma        ","           [25]>
<Identifier   "b"           [25]>
<Colon        ":"           [25]>
<Struct       "struct"      [25]>
<Identifier   "twovec"      [25]>
<LeftBrace    "{"           [25]>
<Identifier   "x"           [25]>
<Colon        ":"           [25]>
<Number       "1"           [25]>
<Comma        ","           [25]>
<Identifier   "y"           [25]>
<Colon        ":"           [25]>
<Number       "0"           [25]>
<RightBrace   "}"           [25]>
<RightBrace   "}"           [25]>
<Semicolon    ";"           [25]>
<Var          "let"         [26]>
<Identifier   "identity"    [26]>
<Equal        "="           [26]>
<Struct       "struct"      [26]>
<Identifier   "twoxtwomatrix" [26]>
<LeftBrace    "{"           [26]>
<Identifier   "a"           [26]>
<Colon        ":"           [26]>
<Struct       "struct"      [26]>
<Identifier   "twovec"      [26]>
<LeftBrace    "{"           [26]>
<Identifier   "x"           [26]>
<Colon        ":"           [26]>
<Number       "1"           [26]>
<Comma        ","           [26]>
<Identifier   "y"           [26]>
<Colon        ":"           [26]>
<Number       "0"           [26]>
<RightBrace   "}"           [26]>
<Comma        ","           [26]>
<Identifier   "b"           [26]>
<Colon        ":"           [26]>
<Struct       "struct"      [26]>
<Identifier   "twovec"      [26]>
<LeftBrace    "{"           [26]>
<Identifier   "x"           [26]>
<Colon        ":"           [26]>
<Number       "0"           [26]>
<Comma        ","           [26]>
<Identifier   "y"           [26]>
<Colon        ":"           [26]>
<Number       "1"           [26]>
<RightBrace   "}"           [26]>
<RightBrace   "}"           [26]>
<Semicolon    ";"           [26]>
<If           "if"          [27]>
<LeftParen    "("           [27]>
<Identifier   "n"           [27]>
<EqualEqual   "=="          [27]>
<Number       "0"           [27]>
<RightParen   ")"           [27]>
<LeftBrace    "{"           [27]>
<Return       "return"      [28]>
<Identifier   "identity"    [28]>
<Semicolon    ";"           [28]>
<RightBrace   "}"           [29]>
<If           "if"          [30]>
<LeftParen    "("           [30]>
<Identifier   "n"           [30]>
<LessEqual    "<="          [30]>
<Number       "1"           [30]>
<RightParen   ")"           [30]>
<LeftBrace    "{"           [30]>
<Return       "return"      [31]>
<Identifier   "baseMat"     [31]>
<Semicolon    ";"           [31]>
<RightBrace   "}"           [32]>
<Var          "let"         [34]>
<Identifier   "half"        [34]>
<Equal        "="           [34]>
<Identifier   "fib_mat"     [34]>
<LeftParen    "("           [34]>
<Identifier   "n"           [34]>
<Slash        "/"           [34]>
<Number       "2"           [34]>
<RightParen   ")"           [34]>
<Semicolon    ";"           [34]>
<Var          "let"         [35]>
<Identifier   "extra"       [35]>
<Equal        "="           [35]>
<LeftParen    "("           [35]>
<Identifier   "n"           [35]>
<Percent      "%"           [35]>
<Number       "2"           [35]>
<EqualEqual   "=="          [35]>
<Number       "0"           [35]>
<RightParen   ")"           [35]>
<QuestionMark "?"           [35]>
<Identifier   "identity"    [35]>
<Colon        ":"           [35]>
<Identifier   "baseMat"     [35]>
<Semicolon    ";"           [35]>
<Var          "let"         [37]>
<Identifier   "halfSquared" [37]>
<Equal        "="           [37]>
<Identifier   "matMult"     [37]>
<LeftParen    "("           [37]>
<Amp          "&"           [37]>
<Identifier   "half"        [37]>
<Comma        ","           [37]>
<Amp          "&"           [37]>
<Identifier   "half"        [37]>
<RightParen   ")"           [37]>
<Semicolon    ";"           [37]>
<Return       "return"      [38]>
<Identifier   "matMult"     [38]>
<LeftParen    "("           [38]>
<Amp          "&"           [38]>
<Identifier   "extra"       [38]>
<Comma        ","           [38]>
<Amp          "&"           [38]>
<Identifier   "halfSquared" [38]>
<RightParen   ")"           [38]>
<Semicolon    ";"           [38]>
<RightBrace   "}"           [39]>
<Fun          "fn"          [41]>
<Identifier   "fib"         [41]>
<LeftParen    "("           [41]>
<Identifier   "n"           [41]>
<Colon        ":"           [41]>
<SimpleType   "int"         [41]>
<RightParen   ")"           [41]>
<RightArrow   "->"          [41]>
<SimpleType   "int"         [41]>
<LeftBrace    "{"           [41]>
<Return       "return"      [42]>
<Identifier   "fib_mat"     [42]>
<LeftParen    "("           [42]>
<Identifier   "n"           [42]>
<RightParen   ")"           [42]>
<Dot          "."           [42]>
<Identifier   "b"           [42]>
<Dot          "."           [42]>
<Identifier   "x"           [42]>
<Semicolon    ";"           [42]>
<RightBrace   "}"           [43]>
<Fun          "fn"          [45]>
<Identifier   "main"        [45]>
<LeftParen    "("           [45]>
<RightParen   ")"           [45]>
<RightArrow   "->"          [45]>
<SimpleType   "int"         [45]>
<LeftBrace    "{"           [45]>
<Var          "let"         [46]>
<Identifier   "ret"         [46]>
<Equal        "="           [46]>
<Number       "0"           [46]>
<Semicolon    ";"           [46]>
<For          "for"         [47]>
<LeftParen    "("           [47]>
<Var          "let"         [47]>
<Identifier   "i"           [47]>
<Equal        "="           [47]>
<Number       "0"           [47]>
<Semicolon    ";"           [47]>
<Identifier   "i"           [47]>
<Less         "<"           [47]>
<Number       "30"          [47]>
<Semicolon    ";"           [47]>
<Identifier   "i"           [47]>
<Equal        "="           [47]>
<Identifier   "i"           [47]>
<Plus         "+"           [47]>
<Number       "1"           [47]>
<RightParen   ")"           [47]>
<LeftBrace    "{"           [47]>
<Var          "let"         [48]>
<Identifier   "f"           [48]>
<Equal        "="           [48]>
<Identifier   "fib"         [48]>
<LeftParen    "("           [48]>
<Identifier   "i"           [48]>
<RightParen   ")"           [48]>
<Semicolon    ";"           [48]>
<Identifier   "ret"         [49]>
<Equal        "="           [49]>
<Identifier   "ret"         [49]>
<Plus         "+"           [49]>
<Identifier   "f"           [49]>
<Semicolon    ";"           [49]>
<RightBrace   "}"           [50]>
<Return       "return"      [51]>
<Identifier   "ret"         [51]>
<Semicolon    ";"           [51]>
<RightBrace   "}"           [52]>
<Eof          ""            [52]>
