---
source: tests/integration_test.rs
expression: result
---
; ModuleID = 'main'
source_filename = "main"
target datalayout = "e-m:o-p270:32:32-p271:32:32-p272:64:64-i64:64-i128:128-n32:64-S128-Fn32"
target triple = "arm64-apple-darwin24.6.0"

@"new_node#closure_wrapper" = global { ptr } { ptr @new_node_ptr }
@"16844181369236998197_has_space#closure_wrapper" = global { ptr } { ptr @"16844181369236998197_has_space_ptr->ptrptr" }
@"16844181369236998197_insert#closure_wrapper" = global { ptr } { ptr @"16844181369236998197_insert_ptr->ptrptr" }
@"16844181369236998197_remove#closure_wrapper" = global { ptr } { ptr @"16844181369236998197_remove_ptr->ptrptr" }
@"create_arena#closure_wrapper" = global { ptr } { ptr @create_arena_ptr }
@"5737668483962445842_alloc#closure_wrapper" = global { ptr } { ptr @"5737668483962445842_alloc_ptr->ptrptr" }
@str = private unnamed_addr constant [40 x i8] c"Allocation size exceeds arena node size\00", align 1
@"5737668483962445842_destroy#closure_wrapper" = global { ptr } { ptr @"5737668483962445842_destroy_ptr->ptrptr" }
@arena = global { ptr } zeroinitializer
@"9688406665803032424_next#closure_wrapper" = global { ptr } { ptr @"9688406665803032424_next_ptr->ptrptr" }
@"15292438991726710161_next#closure_wrapper" = global { ptr } { ptr @"15292438991726710161_next_ptr->ptrptr" }
@nat_gen_generator_vtable = global { { ptr } } zeroinitializer
@"nat_gen_impl_generator#closure_wrapper" = global { ptr } { ptr @"nat_gen_impl_generator_ptr->ptrptr" }
@"15864711494133240056_next#closure_wrapper" = global { ptr } { ptr @"15864711494133240056_next_ptr->ptrptr" }
@identity_generator_vtable = global { { ptr } } zeroinitializer
@"identity_impl_generator#closure_wrapper" = global { ptr } { ptr @"identity_impl_generator_ptr->ptrptr" }
@"9552955505790760212_next#closure_wrapper" = global { ptr } { ptr @"9552955505790760212_next_ptr->ptrptr" }
@filter_generator_vtable = global { { ptr } } zeroinitializer
@"filter_impl_generator#closure_wrapper" = global { ptr } { ptr @"filter_impl_generator_ptr->ptrptr" }
@"12868915959732643263_next#closure_wrapper" = global { ptr } { ptr @"12868915959732643263_next_ptr->ptrptr" }
@seive_generator_vtable = global { { ptr } } zeroinitializer
@"seive_impl_generator#closure_wrapper" = global { ptr } { ptr @"seive_impl_generator_ptr->ptrptr" }
@"divides#closure_wrapper" = global { ptr } { ptr @"divides_i1i64->i64" }
@"not_17730783329311967803#closure_wrapper" = global { ptr } { ptr @"not_17730783329311967803_i64->ptr->ptri64->ptr" }
@"main#closure_wrapper" = global { ptr } { ptr @main_i64 }

declare i8 @printf(ptr, ...)

declare ptr @malloc(i64)

declare i8 @free(ptr)

declare i8 @usleep(i64)

declare i8 @exit(i64)

define ptr @new_node_ptr() {
entry:
  %node = alloca ptr, align 8
  %rval = load ptr, ptr @malloc, align 8
  %calltmp = call ptr @malloc(i64 ptrtoint (ptr getelementptr ({ [1048576 x i8], i64, ptr, ptr }, ptr null, i32 1) to i64))
  store ptr %calltmp, ptr %node, align 8
  %rval1 = load ptr, ptr %node, align 8
  %field = getelementptr inbounds nuw { [1048576 x i8], i64, ptr, ptr }, ptr %rval1, i32 0, i32 1
  store i64 0, ptr %field, align 8
  %rval2 = load ptr, ptr %node, align 8
  %rval3 = load ptr, ptr %node, align 8
  %field4 = getelementptr inbounds nuw { [1048576 x i8], i64, ptr, ptr }, ptr %rval3, i32 0, i32 2
  store ptr %rval2, ptr %field4, align 8
  %rval5 = load ptr, ptr %node, align 8
  %rval6 = load ptr, ptr %node, align 8
  %field7 = getelementptr inbounds nuw { [1048576 x i8], i64, ptr, ptr }, ptr %rval6, i32 0, i32 3
  store ptr %rval5, ptr %field7, align 8
  %rval8 = load ptr, ptr %node, align 8
  ret ptr %rval8
}

define { ptr, ptr } @"16844181369236998197_has_space_ptr->ptrptr"(ptr %0) {
entry:
  %closure = alloca { ptr, ptr }, align 8
  %node = alloca ptr, align 8
  store ptr %0, ptr %node, align 8
  %node1 = load ptr, ptr %node, align 8
  %upval = getelementptr inbounds nuw { ptr, ptr }, ptr %closure, i32 0, i32 0
  store ptr %node1, ptr %upval, align 8
  %upval2 = getelementptr inbounds nuw { ptr, ptr }, ptr %closure, i32 0, i32 1
  store ptr @"16844181369236998197_has_space_inner_i1ptr->i64", ptr %upval2, align 8
  %closure3 = load { ptr, ptr }, ptr %closure, align 8
  ret { ptr, ptr } %closure3
}

define i1 @"16844181369236998197_has_space_inner_i1ptr->i64"(ptr %0, i64 %1) {
entry:
  %size = alloca i64, align 8
  %node = alloca ptr, align 8
  store ptr %0, ptr %node, align 8
  store i64 %1, ptr %size, align 8
  %rval = load ptr, ptr %node, align 8
  %field = getelementptr inbounds nuw { [1048576 x i8], i64, ptr, ptr }, ptr %rval, i32 0, i32 1
  %rval1 = load i64, ptr %field, align 8
  %rval2 = load i64, ptr %size, align 8
  %addtmp = add i64 %rval1, %rval2
  %letmp = icmp sle i64 %addtmp, 1048576
  ret i1 %letmp
}

define { ptr, ptr } @"16844181369236998197_insert_ptr->ptrptr"(ptr %0) {
entry:
  %closure = alloca { ptr, ptr }, align 8
  %node = alloca ptr, align 8
  store ptr %0, ptr %node, align 8
  %node1 = load ptr, ptr %node, align 8
  %upval = getelementptr inbounds nuw { ptr, ptr }, ptr %closure, i32 0, i32 0
  store ptr %node1, ptr %upval, align 8
  %upval2 = getelementptr inbounds nuw { ptr, ptr }, ptr %closure, i32 0, i32 1
  store ptr @"16844181369236998197_insert_inner_i8ptr->ptr", ptr %upval2, align 8
  %closure3 = load { ptr, ptr }, ptr %closure, align 8
  ret { ptr, ptr } %closure3
}

define i8 @"16844181369236998197_insert_inner_i8ptr->ptr"(ptr %0, ptr %1) {
entry:
  %new = alloca ptr, align 8
  %node = alloca ptr, align 8
  store ptr %0, ptr %node, align 8
  store ptr %1, ptr %new, align 8
  %rval = load ptr, ptr %node, align 8
  %field = getelementptr inbounds nuw { [1048576 x i8], i64, ptr, ptr }, ptr %rval, i32 0, i32 2
  %rval1 = load ptr, ptr %field, align 8
  %rval2 = load ptr, ptr %new, align 8
  %field3 = getelementptr inbounds nuw { [1048576 x i8], i64, ptr, ptr }, ptr %rval2, i32 0, i32 2
  store ptr %rval1, ptr %field3, align 8
  %rval4 = load ptr, ptr %node, align 8
  %rval5 = load ptr, ptr %new, align 8
  %field6 = getelementptr inbounds nuw { [1048576 x i8], i64, ptr, ptr }, ptr %rval5, i32 0, i32 3
  store ptr %rval4, ptr %field6, align 8
  %rval7 = load ptr, ptr %new, align 8
  %rval8 = load ptr, ptr %node, align 8
  %field9 = getelementptr inbounds nuw { [1048576 x i8], i64, ptr, ptr }, ptr %rval8, i32 0, i32 2
  %rval10 = load ptr, ptr %field9, align 8
  %field11 = getelementptr inbounds nuw { [1048576 x i8], i64, ptr, ptr }, ptr %rval10, i32 0, i32 3
  store ptr %rval7, ptr %field11, align 8
  %rval12 = load ptr, ptr %new, align 8
  %rval13 = load ptr, ptr %node, align 8
  %field14 = getelementptr inbounds nuw { [1048576 x i8], i64, ptr, ptr }, ptr %rval13, i32 0, i32 2
  store ptr %rval12, ptr %field14, align 8
  ret i8 0
}

define { ptr, ptr } @"16844181369236998197_remove_ptr->ptrptr"(ptr %0) {
entry:
  %closure = alloca { ptr, ptr }, align 8
  %node = alloca ptr, align 8
  store ptr %0, ptr %node, align 8
  %node1 = load ptr, ptr %node, align 8
  %upval = getelementptr inbounds nuw { ptr, ptr }, ptr %closure, i32 0, i32 0
  store ptr %node1, ptr %upval, align 8
  %upval2 = getelementptr inbounds nuw { ptr, ptr }, ptr %closure, i32 0, i32 1
  store ptr @"16844181369236998197_remove_inner_i8ptr", ptr %upval2, align 8
  %closure3 = load { ptr, ptr }, ptr %closure, align 8
  ret { ptr, ptr } %closure3
}

define i8 @"16844181369236998197_remove_inner_i8ptr"(ptr %0) {
entry:
  %node = alloca ptr, align 8
  store ptr %0, ptr %node, align 8
  %rval = load ptr, ptr %node, align 8
  %field = getelementptr inbounds nuw { [1048576 x i8], i64, ptr, ptr }, ptr %rval, i32 0, i32 2
  %rval1 = load ptr, ptr %field, align 8
  %rval2 = load ptr, ptr %node, align 8
  %field3 = getelementptr inbounds nuw { [1048576 x i8], i64, ptr, ptr }, ptr %rval2, i32 0, i32 3
  %rval4 = load ptr, ptr %field3, align 8
  %field5 = getelementptr inbounds nuw { [1048576 x i8], i64, ptr, ptr }, ptr %rval4, i32 0, i32 2
  store ptr %rval1, ptr %field5, align 8
  %rval6 = load ptr, ptr %node, align 8
  %field7 = getelementptr inbounds nuw { [1048576 x i8], i64, ptr, ptr }, ptr %rval6, i32 0, i32 3
  %rval8 = load ptr, ptr %field7, align 8
  %rval9 = load ptr, ptr %node, align 8
  %field10 = getelementptr inbounds nuw { [1048576 x i8], i64, ptr, ptr }, ptr %rval9, i32 0, i32 2
  %rval11 = load ptr, ptr %field10, align 8
  %field12 = getelementptr inbounds nuw { [1048576 x i8], i64, ptr, ptr }, ptr %rval11, i32 0, i32 3
  store ptr %rval8, ptr %field12, align 8
  ret i8 0
}

define { ptr } @create_arena_ptr() {
entry:
  %struct_init = alloca { ptr }, align 8
  %calltmp1 = alloca ptr, align 8
  %node = alloca ptr, align 8
  %rval = load { ptr }, ptr @"new_node#closure_wrapper", align 8
  %fnptr = extractvalue { ptr } %rval, 0
  %calltmp = call ptr %fnptr()
  store ptr %calltmp, ptr %calltmp1, align 8
  %rval2 = load ptr, ptr %calltmp1, align 8
  store ptr %rval2, ptr %node, align 8
  %field = getelementptr inbounds nuw { ptr }, ptr %struct_init, i32 0, i32 0
  %rval3 = load ptr, ptr %node, align 8
  store ptr %rval3, ptr %field, align 8
  %struct_init4 = load { ptr }, ptr %struct_init, align 8
  ret { ptr } %struct_init4
}

define { ptr, ptr } @"5737668483962445842_alloc_ptr->ptrptr"(ptr %0) {
entry:
  %closure = alloca { ptr, ptr }, align 8
  %self = alloca ptr, align 8
  store ptr %0, ptr %self, align 8
  %self1 = load ptr, ptr %self, align 8
  %upval = getelementptr inbounds nuw { ptr, ptr }, ptr %closure, i32 0, i32 0
  store ptr %self1, ptr %upval, align 8
  %upval2 = getelementptr inbounds nuw { ptr, ptr }, ptr %closure, i32 0, i32 1
  store ptr @"5737668483962445842_alloc_inner_ptrptr->i64", ptr %upval2, align 8
  %closure3 = load { ptr, ptr }, ptr %closure, align 8
  ret { ptr, ptr } %closure3
}

define ptr @"5737668483962445842_alloc_inner_ptrptr->i64"(ptr %0, i64 %1) {
entry:
  %ptr = alloca ptr, align 8
  %calltmp36 = alloca i8, align 1
  %calltmp30 = alloca { ptr, ptr }, align 8
  %calltmp23 = alloca ptr, align 8
  %new = alloca ptr, align 8
  %calltmp18 = alloca i1, align 1
  %calltmp13 = alloca { ptr, ptr }, align 8
  %current = alloca ptr, align 8
  %size = alloca i64, align 8
  %self = alloca ptr, align 8
  store ptr %0, ptr %self, align 8
  store i64 %1, ptr %size, align 8
  %rval = load i64, ptr %size, align 8
  %gttmp = icmp sgt i64 %rval, 1048576
  br i1 %gttmp, label %then, label %else

then:                                             ; preds = %entry
  %rval1 = load ptr, ptr @printf, align 8
  %calltmp = call i8 (ptr, ...) @printf(ptr @str)
  br label %ifcont

else:                                             ; preds = %entry
  br label %ifcont

ifcont:                                           ; preds = %else, %then
  %rval2 = load ptr, ptr %self, align 8
  %field = getelementptr inbounds nuw { ptr }, ptr %rval2, i32 0, i32 0
  %rval3 = load ptr, ptr %field, align 8
  %field4 = getelementptr inbounds nuw { [1048576 x i8], i64, ptr, ptr }, ptr %rval3, i32 0, i32 3
  %rval5 = load ptr, ptr %field4, align 8
  store ptr %rval5, ptr %current, align 8
  %rval9 = load ptr, ptr %current, align 8
  %rval10 = load { ptr }, ptr @"16844181369236998197_has_space#closure_wrapper", align 8
  %rval11 = load ptr, ptr %current, align 8
  %fnptr = extractvalue { ptr } %rval10, 0
  %calltmp12 = call { ptr, ptr } %fnptr(ptr %rval11)
  store { ptr, ptr } %calltmp12, ptr %calltmp13, align 8
  %rval14 = load { ptr, ptr }, ptr %calltmp13, align 8
  %rval15 = load i64, ptr %size, align 8
  %fnptr16 = extractvalue { ptr, ptr } %rval14, 1
  %upval = extractvalue { ptr, ptr } %rval14, 0
  %calltmp17 = call i1 %fnptr16(ptr %upval, i64 %rval15)
  store i1 %calltmp17, ptr %calltmp18, align 1
  %rval19 = load i1, ptr %calltmp18, align 1
  %nottmp = xor i1 %rval19, true
  br i1 %nottmp, label %then6, label %else7

then6:                                            ; preds = %ifcont
  %rval20 = load { ptr }, ptr @"new_node#closure_wrapper", align 8
  %fnptr21 = extractvalue { ptr } %rval20, 0
  %calltmp22 = call ptr %fnptr21()
  store ptr %calltmp22, ptr %calltmp23, align 8
  %rval24 = load ptr, ptr %calltmp23, align 8
  store ptr %rval24, ptr %new, align 8
  %rval25 = load ptr, ptr %current, align 8
  %rval26 = load { ptr }, ptr @"16844181369236998197_insert#closure_wrapper", align 8
  %rval27 = load ptr, ptr %current, align 8
  %fnptr28 = extractvalue { ptr } %rval26, 0
  %calltmp29 = call { ptr, ptr } %fnptr28(ptr %rval27)
  store { ptr, ptr } %calltmp29, ptr %calltmp30, align 8
  %rval31 = load { ptr, ptr }, ptr %calltmp30, align 8
  %rval32 = load ptr, ptr %new, align 8
  %fnptr33 = extractvalue { ptr, ptr } %rval31, 1
  %upval34 = extractvalue { ptr, ptr } %rval31, 0
  %calltmp35 = call i8 %fnptr33(ptr %upval34, ptr %rval32)
  store i8 %calltmp35, ptr %calltmp36, align 1
  %rval37 = load ptr, ptr %new, align 8
  store ptr %rval37, ptr %current, align 8
  br label %ifcont8

else7:                                            ; preds = %ifcont
  br label %ifcont8

ifcont8:                                          ; preds = %else7, %then6
  %rval38 = load ptr, ptr %current, align 8
  %field39 = getelementptr inbounds nuw { [1048576 x i8], i64, ptr, ptr }, ptr %rval38, i32 0, i32 0
  %rval40 = load ptr, ptr %current, align 8
  %field41 = getelementptr inbounds nuw { [1048576 x i8], i64, ptr, ptr }, ptr %rval40, i32 0, i32 1
  %rval42 = load i64, ptr %field41, align 8
  %addptr = getelementptr [0 x i8], ptr %field39, i16 0, i64 %rval42
  store ptr %addptr, ptr %ptr, align 8
  %rval43 = load ptr, ptr %current, align 8
  %field44 = getelementptr inbounds nuw { [1048576 x i8], i64, ptr, ptr }, ptr %rval43, i32 0, i32 1
  %rval45 = load i64, ptr %field44, align 8
  %rval46 = load i64, ptr %size, align 8
  %addtmp = add i64 %rval45, %rval46
  %rval47 = load ptr, ptr %current, align 8
  %field48 = getelementptr inbounds nuw { [1048576 x i8], i64, ptr, ptr }, ptr %rval47, i32 0, i32 1
  store i64 %addtmp, ptr %field48, align 8
  %rval49 = load ptr, ptr %ptr, align 8
  ret ptr %rval49
}

define { ptr, ptr } @"5737668483962445842_destroy_ptr->ptrptr"(ptr %0) {
entry:
  %closure = alloca { ptr, ptr }, align 8
  %self = alloca ptr, align 8
  store ptr %0, ptr %self, align 8
  %self1 = load ptr, ptr %self, align 8
  %upval = getelementptr inbounds nuw { ptr, ptr }, ptr %closure, i32 0, i32 0
  store ptr %self1, ptr %upval, align 8
  %upval2 = getelementptr inbounds nuw { ptr, ptr }, ptr %closure, i32 0, i32 1
  store ptr @"5737668483962445842_destroy_inner_i8ptr", ptr %upval2, align 8
  %closure3 = load { ptr, ptr }, ptr %closure, align 8
  ret { ptr, ptr } %closure3
}

define i8 @"5737668483962445842_destroy_inner_i8ptr"(ptr %0) {
entry:
  %calltmp19 = alloca i8, align 1
  %calltmp15 = alloca { ptr, ptr }, align 8
  %next = alloca ptr, align 8
  %current = alloca ptr, align 8
  %self = alloca ptr, align 8
  store ptr %0, ptr %self, align 8
  %rval = load ptr, ptr %self, align 8
  %field = getelementptr inbounds nuw { ptr }, ptr %rval, i32 0, i32 0
  %rval1 = load ptr, ptr %field, align 8
  %field2 = getelementptr inbounds nuw { [1048576 x i8], i64, ptr, ptr }, ptr %rval1, i32 0, i32 2
  %rval3 = load ptr, ptr %field2, align 8
  store ptr %rval3, ptr %current, align 8
  br label %loop_60

loop_60:                                          ; preds = %body_60, %entry
  %rval4 = load ptr, ptr %current, align 8
  %rval5 = load ptr, ptr %self, align 8
  %field6 = getelementptr inbounds nuw { ptr }, ptr %rval5, i32 0, i32 0
  %rval7 = load ptr, ptr %field6, align 8
  %ptrtoint = ptrtoint ptr %rval4 to i64
  %ptrtoint8 = ptrtoint ptr %rval7 to i64
  %neqtmp = icmp ne i64 %ptrtoint, %ptrtoint8
  br i1 %neqtmp, label %body_60, label %merge_60

body_60:                                          ; preds = %loop_60
  %rval9 = load ptr, ptr %current, align 8
  %field10 = getelementptr inbounds nuw { [1048576 x i8], i64, ptr, ptr }, ptr %rval9, i32 0, i32 2
  %rval11 = load ptr, ptr %field10, align 8
  store ptr %rval11, ptr %next, align 8
  %rval12 = load ptr, ptr %current, align 8
  %rval13 = load { ptr }, ptr @"16844181369236998197_remove#closure_wrapper", align 8
  %rval14 = load ptr, ptr %current, align 8
  %fnptr = extractvalue { ptr } %rval13, 0
  %calltmp = call { ptr, ptr } %fnptr(ptr %rval14)
  store { ptr, ptr } %calltmp, ptr %calltmp15, align 8
  %rval16 = load { ptr, ptr }, ptr %calltmp15, align 8
  %fnptr17 = extractvalue { ptr, ptr } %rval16, 1
  %upval = extractvalue { ptr, ptr } %rval16, 0
  %calltmp18 = call i8 %fnptr17(ptr %upval)
  store i8 %calltmp18, ptr %calltmp19, align 1
  %rval20 = load ptr, ptr @free, align 8
  %rval21 = load ptr, ptr %current, align 8
  %calltmp22 = call i8 @free(ptr %rval21)
  %rval23 = load ptr, ptr %next, align 8
  store ptr %rval23, ptr %current, align 8
  br label %loop_60

merge_60:                                         ; preds = %loop_60
  %rval24 = load ptr, ptr @free, align 8
  %rval25 = load ptr, ptr %self, align 8
  %field26 = getelementptr inbounds nuw { ptr }, ptr %rval25, i32 0, i32 0
  %rval27 = load ptr, ptr %field26, align 8
  %calltmp28 = call i8 @free(ptr %rval27)
  ret i8 0
}

define { ptr, ptr } @"9688406665803032424_next_ptr->ptrptr"(ptr %0) {
entry:
  %closure = alloca { ptr, ptr }, align 8
  %self = alloca ptr, align 8
  store ptr %0, ptr %self, align 8
  %self1 = load ptr, ptr %self, align 8
  %upval = getelementptr inbounds nuw { ptr, ptr }, ptr %closure, i32 0, i32 0
  store ptr %self1, ptr %upval, align 8
  %upval2 = getelementptr inbounds nuw { ptr, ptr }, ptr %closure, i32 0, i32 1
  store ptr @"9688406665803032424_next_inner_i64ptr", ptr %upval2, align 8
  %closure3 = load { ptr, ptr }, ptr %closure, align 8
  ret { ptr, ptr } %closure3
}

define i64 @"9688406665803032424_next_inner_i64ptr"(ptr %0) {
entry:
  %calltmp10 = alloca i64, align 8
  %calltmp6 = alloca { ptr, ptr }, align 8
  %self = alloca ptr, align 8
  store ptr %0, ptr %self, align 8
  %rval = load ptr, ptr %self, align 8
  %field = getelementptr inbounds nuw { ptr, { { ptr } } }, ptr %rval, i32 0, i32 1
  %field1 = getelementptr inbounds nuw { { ptr } }, ptr %field, i32 0, i32 0
  %rval2 = load { ptr }, ptr %field1, align 8
  %rval3 = load ptr, ptr %self, align 8
  %field4 = getelementptr inbounds nuw { ptr, { { ptr } } }, ptr %rval3, i32 0, i32 0
  %rval5 = load ptr, ptr %field4, align 8
  %fnptr = extractvalue { ptr } %rval2, 0
  %calltmp = call { ptr, ptr } %fnptr(ptr %rval5)
  store { ptr, ptr } %calltmp, ptr %calltmp6, align 8
  %rval7 = load { ptr, ptr }, ptr %calltmp6, align 8
  %fnptr8 = extractvalue { ptr, ptr } %rval7, 1
  %upval = extractvalue { ptr, ptr } %rval7, 0
  %calltmp9 = call i64 %fnptr8(ptr %upval)
  store i64 %calltmp9, ptr %calltmp10, align 8
  %rval11 = load i64, ptr %calltmp10, align 8
  ret i64 %rval11
}

define { ptr, ptr } @"15292438991726710161_next_ptr->ptrptr"(ptr %0) {
entry:
  %closure7 = alloca { ptr, ptr }, align 8
  %self5 = alloca ptr, align 8
  %closure = alloca { ptr, ptr }, align 8
  %self = alloca ptr, align 8
  store ptr %0, ptr %self, align 8
  %self1 = load ptr, ptr %self, align 8
  %upval = getelementptr inbounds nuw { ptr, ptr }, ptr %closure, i32 0, i32 0
  store ptr %self1, ptr %upval, align 8
  %upval2 = getelementptr inbounds nuw { ptr, ptr }, ptr %closure, i32 0, i32 1
  store ptr @"15292438991726710161_next_inner_i64ptr", ptr %upval2, align 8
  %closure3 = load { ptr, ptr }, ptr %closure, align 8
  ret { ptr, ptr } %closure3

entry4:                                           ; No predecessors!
  store ptr %0, ptr %self5, align 8
  %self6 = load ptr, ptr %self5, align 8
  %upval8 = getelementptr inbounds nuw { ptr, ptr }, ptr %closure7, i32 0, i32 0
  store ptr %self6, ptr %upval8, align 8
  %upval9 = getelementptr inbounds nuw { ptr, ptr }, ptr %closure7, i32 0, i32 1
  store ptr @"15292438991726710161_next_inner_i64ptr", ptr %upval9, align 8
  %closure10 = load { ptr, ptr }, ptr %closure7, align 8
  ret { ptr, ptr } %closure10
}

define i64 @"15292438991726710161_next_inner_i64ptr"(ptr %0) {
entry:
  %i = alloca i64, align 8
  %self = alloca ptr, align 8
  store ptr %0, ptr %self, align 8
  %rval = load ptr, ptr %self, align 8
  %field = getelementptr inbounds nuw { i64 }, ptr %rval, i32 0, i32 0
  %rval1 = load i64, ptr %field, align 8
  store i64 %rval1, ptr %i, align 8
  %rval2 = load i64, ptr %i, align 8
  %addtmp = add i64 %rval2, 1
  %rval3 = load ptr, ptr %self, align 8
  %field4 = getelementptr inbounds nuw { i64 }, ptr %rval3, i32 0, i32 0
  store i64 %addtmp, ptr %field4, align 8
  %rval5 = load i64, ptr %i, align 8
  ret i64 %rval5
}

define { ptr, { { ptr } } } @"nat_gen_impl_generator_ptr->ptrptr"(ptr %0) {
entry:
  %struct_init = alloca { ptr, { { ptr } } }, align 8
  %self = alloca ptr, align 8
  store ptr %0, ptr %self, align 8
  %rval = load { ptr }, ptr @"15292438991726710161_next#closure_wrapper", align 8
  store { ptr } %rval, ptr @nat_gen_generator_vtable, align 8
  %field = getelementptr inbounds nuw { ptr, { { ptr } } }, ptr %struct_init, i32 0, i32 0
  %rval1 = load ptr, ptr %self, align 8
  store ptr %rval1, ptr %field, align 8
  %field2 = getelementptr inbounds nuw { ptr, { { ptr } } }, ptr %struct_init, i32 0, i32 1
  %rval3 = load { { ptr } }, ptr @nat_gen_generator_vtable, align 8
  store { { ptr } } %rval3, ptr %field2, align 8
  %struct_init4 = load { ptr, { { ptr } } }, ptr %struct_init, align 8
  ret { ptr, { { ptr } } } %struct_init4
}

define { ptr, ptr } @"15864711494133240056_next_ptr->ptrptr"(ptr %0) {
entry:
  %closure7 = alloca { ptr, ptr }, align 8
  %self5 = alloca ptr, align 8
  %closure = alloca { ptr, ptr }, align 8
  %self = alloca ptr, align 8
  store ptr %0, ptr %self, align 8
  %self1 = load ptr, ptr %self, align 8
  %upval = getelementptr inbounds nuw { ptr, ptr }, ptr %closure, i32 0, i32 0
  store ptr %self1, ptr %upval, align 8
  %upval2 = getelementptr inbounds nuw { ptr, ptr }, ptr %closure, i32 0, i32 1
  store ptr @"15864711494133240056_next_inner_i64ptr", ptr %upval2, align 8
  %closure3 = load { ptr, ptr }, ptr %closure, align 8
  ret { ptr, ptr } %closure3

entry4:                                           ; No predecessors!
  store ptr %0, ptr %self5, align 8
  %self6 = load ptr, ptr %self5, align 8
  %upval8 = getelementptr inbounds nuw { ptr, ptr }, ptr %closure7, i32 0, i32 0
  store ptr %self6, ptr %upval8, align 8
  %upval9 = getelementptr inbounds nuw { ptr, ptr }, ptr %closure7, i32 0, i32 1
  store ptr @"15864711494133240056_next_inner_i64ptr", ptr %upval9, align 8
  %closure10 = load { ptr, ptr }, ptr %closure7, align 8
  ret { ptr, ptr } %closure10
}

define i64 @"15864711494133240056_next_inner_i64ptr"(ptr %0) {
entry:
  %calltmp8 = alloca i64, align 8
  %calltmp4 = alloca { ptr, ptr }, align 8
  %self = alloca ptr, align 8
  store ptr %0, ptr %self, align 8
  %rval = load ptr, ptr %self, align 8
  %field = getelementptr inbounds nuw { { ptr, { { ptr } } } }, ptr %rval, i32 0, i32 0
  %rval1 = load { ptr }, ptr @"9688406665803032424_next#closure_wrapper", align 8
  %rval2 = load ptr, ptr %self, align 8
  %field3 = getelementptr inbounds nuw { { ptr, { { ptr } } } }, ptr %rval2, i32 0, i32 0
  %fnptr = extractvalue { ptr } %rval1, 0
  %calltmp = call { ptr, ptr } %fnptr(ptr %field3)
  store { ptr, ptr } %calltmp, ptr %calltmp4, align 8
  %rval5 = load { ptr, ptr }, ptr %calltmp4, align 8
  %fnptr6 = extractvalue { ptr, ptr } %rval5, 1
  %upval = extractvalue { ptr, ptr } %rval5, 0
  %calltmp7 = call i64 %fnptr6(ptr %upval)
  store i64 %calltmp7, ptr %calltmp8, align 8
  %rval9 = load i64, ptr %calltmp8, align 8
  ret i64 %rval9
}

define { ptr, { { ptr } } } @"identity_impl_generator_ptr->ptrptr"(ptr %0) {
entry:
  %struct_init = alloca { ptr, { { ptr } } }, align 8
  %self = alloca ptr, align 8
  store ptr %0, ptr %self, align 8
  %rval = load { ptr }, ptr @"15864711494133240056_next#closure_wrapper", align 8
  store { ptr } %rval, ptr @identity_generator_vtable, align 8
  %field = getelementptr inbounds nuw { ptr, { { ptr } } }, ptr %struct_init, i32 0, i32 0
  %rval1 = load ptr, ptr %self, align 8
  store ptr %rval1, ptr %field, align 8
  %field2 = getelementptr inbounds nuw { ptr, { { ptr } } }, ptr %struct_init, i32 0, i32 1
  %rval3 = load { { ptr } }, ptr @identity_generator_vtable, align 8
  store { { ptr } } %rval3, ptr %field2, align 8
  %struct_init4 = load { ptr, { { ptr } } }, ptr %struct_init, align 8
  ret { ptr, { { ptr } } } %struct_init4
}

define { ptr, ptr } @"9552955505790760212_next_ptr->ptrptr"(ptr %0) {
entry:
  %closure7 = alloca { ptr, ptr }, align 8
  %self5 = alloca ptr, align 8
  %closure = alloca { ptr, ptr }, align 8
  %self = alloca ptr, align 8
  store ptr %0, ptr %self, align 8
  %self1 = load ptr, ptr %self, align 8
  %upval = getelementptr inbounds nuw { ptr, ptr }, ptr %closure, i32 0, i32 0
  store ptr %self1, ptr %upval, align 8
  %upval2 = getelementptr inbounds nuw { ptr, ptr }, ptr %closure, i32 0, i32 1
  store ptr @"9552955505790760212_next_inner_i64ptr", ptr %upval2, align 8
  %closure3 = load { ptr, ptr }, ptr %closure, align 8
  ret { ptr, ptr } %closure3

entry4:                                           ; No predecessors!
  store ptr %0, ptr %self5, align 8
  %self6 = load ptr, ptr %self5, align 8
  %upval8 = getelementptr inbounds nuw { ptr, ptr }, ptr %closure7, i32 0, i32 0
  store ptr %self6, ptr %upval8, align 8
  %upval9 = getelementptr inbounds nuw { ptr, ptr }, ptr %closure7, i32 0, i32 1
  store ptr @"9552955505790760212_next_inner_i64ptr", ptr %upval9, align 8
  %closure10 = load { ptr, ptr }, ptr %closure7, align 8
  ret { ptr, ptr } %closure10
}

define i64 @"9552955505790760212_next_inner_i64ptr"(ptr %0) {
entry:
  %calltmp32 = alloca i64, align 8
  %calltmp27 = alloca { ptr, ptr }, align 8
  %calltmp18 = alloca i1, align 1
  %calltmp11 = alloca i64, align 8
  %calltmp7 = alloca { ptr, ptr }, align 8
  %i = alloca i64, align 8
  %pred = alloca { { i64, ptr }, ptr }, align 8
  %self = alloca ptr, align 8
  store ptr %0, ptr %self, align 8
  %rval = load ptr, ptr %self, align 8
  %field = getelementptr inbounds nuw { { ptr, { { ptr } } }, { { i64, ptr }, ptr } }, ptr %rval, i32 0, i32 1
  %rval1 = load { { i64, ptr }, ptr }, ptr %field, align 8
  store { { i64, ptr }, ptr } %rval1, ptr %pred, align 8
  %rval2 = load ptr, ptr %self, align 8
  %field3 = getelementptr inbounds nuw { { ptr, { { ptr } } }, { { i64, ptr }, ptr } }, ptr %rval2, i32 0, i32 0
  %rval4 = load { ptr }, ptr @"9688406665803032424_next#closure_wrapper", align 8
  %rval5 = load ptr, ptr %self, align 8
  %field6 = getelementptr inbounds nuw { { ptr, { { ptr } } }, { { i64, ptr }, ptr } }, ptr %rval5, i32 0, i32 0
  %fnptr = extractvalue { ptr } %rval4, 0
  %calltmp = call { ptr, ptr } %fnptr(ptr %field6)
  store { ptr, ptr } %calltmp, ptr %calltmp7, align 8
  %rval8 = load { ptr, ptr }, ptr %calltmp7, align 8
  %fnptr9 = extractvalue { ptr, ptr } %rval8, 1
  %upval = extractvalue { ptr, ptr } %rval8, 0
  %calltmp10 = call i64 %fnptr9(ptr %upval)
  store i64 %calltmp10, ptr %calltmp11, align 8
  %rval12 = load i64, ptr %calltmp11, align 8
  store i64 %rval12, ptr %i, align 8
  br label %loop_35

loop_35:                                          ; preds = %body_35, %entry
  %rval13 = load { { i64, ptr }, ptr }, ptr %pred, align 8
  %rval14 = load i64, ptr %i, align 8
  %fnptr15 = extractvalue { { i64, ptr }, ptr } %rval13, 1
  %upval16 = extractvalue { { i64, ptr }, ptr } %rval13, 0
  %calltmp17 = call i1 %fnptr15({ i64, ptr } %upval16, i64 %rval14)
  store i1 %calltmp17, ptr %calltmp18, align 1
  %rval19 = load i1, ptr %calltmp18, align 1
  %nottmp = xor i1 %rval19, true
  br i1 %nottmp, label %body_35, label %merge_35

body_35:                                          ; preds = %loop_35
  %rval20 = load ptr, ptr %self, align 8
  %field21 = getelementptr inbounds nuw { { ptr, { { ptr } } }, { { i64, ptr }, ptr } }, ptr %rval20, i32 0, i32 0
  %rval22 = load { ptr }, ptr @"9688406665803032424_next#closure_wrapper", align 8
  %rval23 = load ptr, ptr %self, align 8
  %field24 = getelementptr inbounds nuw { { ptr, { { ptr } } }, { { i64, ptr }, ptr } }, ptr %rval23, i32 0, i32 0
  %fnptr25 = extractvalue { ptr } %rval22, 0
  %calltmp26 = call { ptr, ptr } %fnptr25(ptr %field24)
  store { ptr, ptr } %calltmp26, ptr %calltmp27, align 8
  %rval28 = load { ptr, ptr }, ptr %calltmp27, align 8
  %fnptr29 = extractvalue { ptr, ptr } %rval28, 1
  %upval30 = extractvalue { ptr, ptr } %rval28, 0
  %calltmp31 = call i64 %fnptr29(ptr %upval30)
  store i64 %calltmp31, ptr %calltmp32, align 8
  %rval33 = load i64, ptr %calltmp32, align 8
  store i64 %rval33, ptr %i, align 8
  br label %loop_35

merge_35:                                         ; preds = %loop_35
  %rval34 = load i64, ptr %i, align 8
  ret i64 %rval34
}

define { ptr, { { ptr } } } @"filter_impl_generator_ptr->ptrptr"(ptr %0) {
entry:
  %struct_init = alloca { ptr, { { ptr } } }, align 8
  %self = alloca ptr, align 8
  store ptr %0, ptr %self, align 8
  %rval = load { ptr }, ptr @"9552955505790760212_next#closure_wrapper", align 8
  store { ptr } %rval, ptr @filter_generator_vtable, align 8
  %field = getelementptr inbounds nuw { ptr, { { ptr } } }, ptr %struct_init, i32 0, i32 0
  %rval1 = load ptr, ptr %self, align 8
  store ptr %rval1, ptr %field, align 8
  %field2 = getelementptr inbounds nuw { ptr, { { ptr } } }, ptr %struct_init, i32 0, i32 1
  %rval3 = load { { ptr } }, ptr @filter_generator_vtable, align 8
  store { { ptr } } %rval3, ptr %field2, align 8
  %struct_init4 = load { ptr, { { ptr } } }, ptr %struct_init, align 8
  ret { ptr, { { ptr } } } %struct_init4
}

define { ptr, ptr } @"12868915959732643263_next_ptr->ptrptr"(ptr %0) {
entry:
  %closure7 = alloca { ptr, ptr }, align 8
  %self5 = alloca ptr, align 8
  %closure = alloca { ptr, ptr }, align 8
  %self = alloca ptr, align 8
  store ptr %0, ptr %self, align 8
  %self1 = load ptr, ptr %self, align 8
  %upval = getelementptr inbounds nuw { ptr, ptr }, ptr %closure, i32 0, i32 0
  store ptr %self1, ptr %upval, align 8
  %upval2 = getelementptr inbounds nuw { ptr, ptr }, ptr %closure, i32 0, i32 1
  store ptr @"12868915959732643263_next_inner_i64ptr", ptr %upval2, align 8
  %closure3 = load { ptr, ptr }, ptr %closure, align 8
  ret { ptr, ptr } %closure3

entry4:                                           ; No predecessors!
  store ptr %0, ptr %self5, align 8
  %self6 = load ptr, ptr %self5, align 8
  %upval8 = getelementptr inbounds nuw { ptr, ptr }, ptr %closure7, i32 0, i32 0
  store ptr %self6, ptr %upval8, align 8
  %upval9 = getelementptr inbounds nuw { ptr, ptr }, ptr %closure7, i32 0, i32 1
  store ptr @"12868915959732643263_next_inner_i64ptr", ptr %upval9, align 8
  %closure10 = load { ptr, ptr }, ptr %closure7, align 8
  ret { ptr, ptr } %closure10
}

define i64 @"12868915959732643263_next_inner_i64ptr"(ptr %0) {
entry:
  %calltmp42 = alloca { ptr, { { ptr } } }, align 8
  %struct_init = alloca { { ptr, { { ptr } } }, { { i64, ptr }, ptr } }, align 8
  %calltmp28 = alloca ptr, align 8
  %calltmp23 = alloca { ptr, ptr }, align 8
  %filter = alloca ptr, align 8
  %calltmp18 = alloca { { i64, ptr }, ptr }, align 8
  %pred13 = alloca { { i64, ptr }, ptr }, align 8
  %closure = alloca { i64, ptr }, align 8
  %pred = alloca { i64, ptr }, align 8
  %calltmp7 = alloca i64, align 8
  %calltmp3 = alloca { ptr, ptr }, align 8
  %i = alloca i64, align 8
  %gen = alloca { ptr, { { ptr } } }, align 8
  %self = alloca ptr, align 8
  store ptr %0, ptr %self, align 8
  %rval = load ptr, ptr %self, align 8
  %field = getelementptr inbounds nuw { { ptr, { { ptr } } } }, ptr %rval, i32 0, i32 0
  %rval1 = load { ptr, { { ptr } } }, ptr %field, align 8
  store { ptr, { { ptr } } } %rval1, ptr %gen, align 8
  %rval2 = load { ptr }, ptr @"9688406665803032424_next#closure_wrapper", align 8
  %fnptr = extractvalue { ptr } %rval2, 0
  %calltmp = call { ptr, ptr } %fnptr(ptr %gen)
  store { ptr, ptr } %calltmp, ptr %calltmp3, align 8
  %rval4 = load { ptr, ptr }, ptr %calltmp3, align 8
  %fnptr5 = extractvalue { ptr, ptr } %rval4, 1
  %upval = extractvalue { ptr, ptr } %rval4, 0
  %calltmp6 = call i64 %fnptr5(ptr %upval)
  store i64 %calltmp6, ptr %calltmp7, align 8
  %rval8 = load i64, ptr %calltmp7, align 8
  store i64 %rval8, ptr %i, align 8
  %i9 = load i64, ptr %i, align 8
  %upval10 = getelementptr inbounds nuw { i64, ptr }, ptr %closure, i32 0, i32 0
  store i64 %i9, ptr %upval10, align 8
  %upval11 = getelementptr inbounds nuw { i64, ptr }, ptr %closure, i32 0, i32 1
  store ptr @"anon9223372036854775807_i1i64->i64", ptr %upval11, align 8
  %closure12 = load { i64, ptr }, ptr %closure, align 8
  store { i64, ptr } %closure12, ptr %pred, align 8
  %rval14 = load { ptr }, ptr @"not_17730783329311967803#closure_wrapper", align 8
  %rval15 = load { i64, ptr }, ptr %pred, align 8
  %fnptr16 = extractvalue { ptr } %rval14, 0
  %calltmp17 = call { { i64, ptr }, ptr } %fnptr16({ i64, ptr } %rval15)
  store { { i64, ptr }, ptr } %calltmp17, ptr %calltmp18, align 8
  %rval19 = load { { i64, ptr }, ptr }, ptr %calltmp18, align 8
  store { { i64, ptr }, ptr } %rval19, ptr %pred13, align 8
  %rval20 = load { ptr }, ptr @"5737668483962445842_alloc#closure_wrapper", align 8
  %fnptr21 = extractvalue { ptr } %rval20, 0
  %calltmp22 = call { ptr, ptr } %fnptr21(ptr @arena)
  store { ptr, ptr } %calltmp22, ptr %calltmp23, align 8
  %rval24 = load { ptr, ptr }, ptr %calltmp23, align 8
  %fnptr25 = extractvalue { ptr, ptr } %rval24, 1
  %upval26 = extractvalue { ptr, ptr } %rval24, 0
  %calltmp27 = call ptr %fnptr25(ptr %upval26, i64 ptrtoint (ptr getelementptr ({ { ptr, { { ptr } } }, { { i64, ptr }, ptr } }, ptr null, i32 1) to i64))
  store ptr %calltmp27, ptr %calltmp28, align 8
  %rval29 = load ptr, ptr %calltmp28, align 8
  store ptr %rval29, ptr %filter, align 8
  %field30 = getelementptr inbounds nuw { { ptr, { { ptr } } }, { { i64, ptr }, ptr } }, ptr %struct_init, i32 0, i32 0
  %rval31 = load ptr, ptr %self, align 8
  %field32 = getelementptr inbounds nuw { { ptr, { { ptr } } } }, ptr %rval31, i32 0, i32 0
  %rval33 = load { ptr, { { ptr } } }, ptr %field32, align 8
  store { ptr, { { ptr } } } %rval33, ptr %field30, align 8
  %field34 = getelementptr inbounds nuw { { ptr, { { ptr } } }, { { i64, ptr }, ptr } }, ptr %struct_init, i32 0, i32 1
  %rval35 = load { { i64, ptr }, ptr }, ptr %pred13, align 8
  store { { i64, ptr }, ptr } %rval35, ptr %field34, align 8
  %struct_init36 = load { { ptr, { { ptr } } }, { { i64, ptr }, ptr } }, ptr %struct_init, align 8
  %rval37 = load ptr, ptr %filter, align 8
  store { { ptr, { { ptr } } }, { { i64, ptr }, ptr } } %struct_init36, ptr %rval37, align 8
  %rval38 = load { ptr }, ptr @"filter_impl_generator#closure_wrapper", align 8
  %rval39 = load ptr, ptr %filter, align 8
  %fnptr40 = extractvalue { ptr } %rval38, 0
  %calltmp41 = call { ptr, { { ptr } } } %fnptr40(ptr %rval39)
  store { ptr, { { ptr } } } %calltmp41, ptr %calltmp42, align 8
  %rval43 = load { ptr, { { ptr } } }, ptr %calltmp42, align 8
  %rval44 = load ptr, ptr %self, align 8
  %field45 = getelementptr inbounds nuw { { ptr, { { ptr } } } }, ptr %rval44, i32 0, i32 0
  store { ptr, { { ptr } } } %rval43, ptr %field45, align 8
  %rval46 = load i64, ptr %i, align 8
  ret i64 %rval46
}

define { ptr, { { ptr } } } @"seive_impl_generator_ptr->ptrptr"(ptr %0) {
entry:
  %struct_init = alloca { ptr, { { ptr } } }, align 8
  %self = alloca ptr, align 8
  store ptr %0, ptr %self, align 8
  %rval = load { ptr }, ptr @"12868915959732643263_next#closure_wrapper", align 8
  store { ptr } %rval, ptr @seive_generator_vtable, align 8
  %field = getelementptr inbounds nuw { ptr, { { ptr } } }, ptr %struct_init, i32 0, i32 0
  %rval1 = load ptr, ptr %self, align 8
  store ptr %rval1, ptr %field, align 8
  %field2 = getelementptr inbounds nuw { ptr, { { ptr } } }, ptr %struct_init, i32 0, i32 1
  %rval3 = load { { ptr } }, ptr @seive_generator_vtable, align 8
  store { { ptr } } %rval3, ptr %field2, align 8
  %struct_init4 = load { ptr, { { ptr } } }, ptr %struct_init, align 8
  ret { ptr, { { ptr } } } %struct_init4
}

define i1 @"divides_i1i64->i64"(i64 %0, i64 %1) {
entry:
  %b = alloca i64, align 8
  %a = alloca i64, align 8
  store i64 %0, ptr %a, align 8
  store i64 %1, ptr %b, align 8
  %rval = load i64, ptr %a, align 8
  %rval1 = load i64, ptr %b, align 8
  %divtmp = sdiv i64 %rval, %rval1
  %inttofp = sitofp i64 %divtmp to double
  %rval2 = load i64, ptr %a, align 8
  %inttofp3 = sitofp i64 %rval2 to double
  %rval4 = load i64, ptr %b, align 8
  %inttofp5 = sitofp i64 %rval4 to double
  %divtmp6 = fdiv double %inttofp3, %inttofp5
  %eqtmp = fcmp oeq double %inttofp, %divtmp6
  ret i1 %eqtmp
}

define { { i64, ptr }, ptr } @"not_17730783329311967803_i64->ptr->ptri64->ptr"({ i64, ptr } %0) {
entry:
  %closure = alloca { { i64, ptr }, ptr }, align 8
  %pred = alloca { i64, ptr }, align 8
  store { i64, ptr } %0, ptr %pred, align 8
  %pred1 = load { i64, ptr }, ptr %pred, align 8
  %upval = getelementptr inbounds nuw { { i64, ptr }, ptr }, ptr %closure, i32 0, i32 0
  store { i64, ptr } %pred1, ptr %upval, align 8
  %upval2 = getelementptr inbounds nuw { { i64, ptr }, ptr }, ptr %closure, i32 0, i32 1
  store ptr @"anon0_i1i64->ptr->i64", ptr %upval2, align 8
  %closure3 = load { { i64, ptr }, ptr }, ptr %closure, align 8
  ret { { i64, ptr }, ptr } %closure3
}

define i1 @"anon0_i1i64->ptr->i64"({ i64, ptr } %0, i64 %1) {
entry:
  %calltmp2 = alloca i1, align 1
  %x = alloca i64, align 8
  %pred = alloca { i64, ptr }, align 8
  store { i64, ptr } %0, ptr %pred, align 8
  store i64 %1, ptr %x, align 8
  %rval = load { i64, ptr }, ptr %pred, align 8
  %rval1 = load i64, ptr %x, align 8
  %fnptr = extractvalue { i64, ptr } %rval, 1
  %upval = extractvalue { i64, ptr } %rval, 0
  %calltmp = call i1 %fnptr(i64 %upval, i64 %rval1)
  store i1 %calltmp, ptr %calltmp2, align 1
  %rval3 = load i1, ptr %calltmp2, align 1
  %nottmp = xor i1 %rval3, true
  ret i1 %nottmp
}

define i1 @"anon9223372036854775807_i1i64->i64"(i64 %0, i64 %1) {
entry:
  %calltmp3 = alloca i1, align 1
  %arg0 = alloca i64, align 8
  %i = alloca i64, align 8
  store i64 %0, ptr %i, align 8
  store i64 %1, ptr %arg0, align 8
  %rval = load { ptr }, ptr @"divides#closure_wrapper", align 8
  %rval1 = load i64, ptr %arg0, align 8
  %rval2 = load i64, ptr %i, align 8
  %fnptr = extractvalue { ptr } %rval, 0
  %calltmp = call i1 %fnptr(i64 %rval1, i64 %rval2)
  store i1 %calltmp, ptr %calltmp3, align 1
  %rval4 = load i1, ptr %calltmp3, align 1
  ret i1 %rval4
}

define i64 @main_i64() {
entry:
  %calltmp33 = alloca i8, align 1
  %calltmp28 = alloca { ptr, ptr }, align 8
  %calltmp20 = alloca i64, align 8
  %calltmp16 = alloca { ptr, ptr }, align 8
  %p = alloca i64, align 8
  %i = alloca i64, align 8
  %prod = alloca i64, align 8
  %calltmp9 = alloca { ptr, { { ptr } } }, align 8
  %struct_init4 = alloca { { ptr, { { ptr } } } }, align 8
  %gen = alloca { { ptr, { { ptr } } } }, align 8
  %struct_init = alloca { i64 }, align 8
  %nats = alloca { i64 }, align 8
  %calltmp1 = alloca { ptr }, align 8
  %rval = load { ptr }, ptr @"create_arena#closure_wrapper", align 8
  %fnptr = extractvalue { ptr } %rval, 0
  %calltmp = call { ptr } %fnptr()
  store { ptr } %calltmp, ptr %calltmp1, align 8
  %rval2 = load { ptr }, ptr %calltmp1, align 8
  store { ptr } %rval2, ptr @arena, align 8
  %field = getelementptr inbounds nuw { i64 }, ptr %struct_init, i32 0, i32 0
  store i64 2, ptr %field, align 8
  %struct_init3 = load { i64 }, ptr %struct_init, align 8
  store { i64 } %struct_init3, ptr %nats, align 8
  %field5 = getelementptr inbounds nuw { { ptr, { { ptr } } } }, ptr %struct_init4, i32 0, i32 0
  %rval6 = load { ptr }, ptr @"nat_gen_impl_generator#closure_wrapper", align 8
  %fnptr7 = extractvalue { ptr } %rval6, 0
  %calltmp8 = call { ptr, { { ptr } } } %fnptr7(ptr %nats)
  store { ptr, { { ptr } } } %calltmp8, ptr %calltmp9, align 8
  %rval10 = load { ptr, { { ptr } } }, ptr %calltmp9, align 8
  store { ptr, { { ptr } } } %rval10, ptr %field5, align 8
  %struct_init11 = load { { ptr, { { ptr } } } }, ptr %struct_init4, align 8
  store { { ptr, { { ptr } } } } %struct_init11, ptr %gen, align 8
  store i64 1, ptr %prod, align 8
  store i64 0, ptr %i, align 8
  br label %loop_75

loop_75:                                          ; preds = %increment_75, %entry
  %rval12 = load i64, ptr %i, align 8
  %lttmp = icmp slt i64 %rval12, 100
  br i1 %lttmp, label %body_75, label %merge_75

body_75:                                          ; preds = %loop_75
  %rval13 = load { ptr }, ptr @"12868915959732643263_next#closure_wrapper", align 8
  %fnptr14 = extractvalue { ptr } %rval13, 0
  %calltmp15 = call { ptr, ptr } %fnptr14(ptr %gen)
  store { ptr, ptr } %calltmp15, ptr %calltmp16, align 8
  %rval17 = load { ptr, ptr }, ptr %calltmp16, align 8
  %fnptr18 = extractvalue { ptr, ptr } %rval17, 1
  %upval = extractvalue { ptr, ptr } %rval17, 0
  %calltmp19 = call i64 %fnptr18(ptr %upval)
  store i64 %calltmp19, ptr %calltmp20, align 8
  %rval21 = load i64, ptr %calltmp20, align 8
  store i64 %rval21, ptr %p, align 8
  %rval22 = load i64, ptr %prod, align 8
  %rval23 = load i64, ptr %p, align 8
  %multmp = mul i64 %rval22, %rval23
  store i64 %multmp, ptr %prod, align 8
  br label %increment_75

increment_75:                                     ; preds = %body_75
  %rval24 = load i64, ptr %i, align 8
  %addtmp = add i64 %rval24, 1
  store i64 %addtmp, ptr %i, align 8
  br label %loop_75

merge_75:                                         ; preds = %loop_75
  %rval25 = load { ptr }, ptr @"5737668483962445842_destroy#closure_wrapper", align 8
  %fnptr26 = extractvalue { ptr } %rval25, 0
  %calltmp27 = call { ptr, ptr } %fnptr26(ptr @arena)
  store { ptr, ptr } %calltmp27, ptr %calltmp28, align 8
  %rval29 = load { ptr, ptr }, ptr %calltmp28, align 8
  %fnptr30 = extractvalue { ptr, ptr } %rval29, 1
  %upval31 = extractvalue { ptr, ptr } %rval29, 0
  %calltmp32 = call i8 %fnptr30(ptr %upval31)
  store i8 %calltmp32, ptr %calltmp33, align 1
  %rval34 = load i64, ptr %prod, align 8
  ret i64 %rval34
}

define i32 @main(i32 %0, ptr %1) {
entry:
  %ret64 = call i64 @main_i64()
  %ret32 = trunc i64 %ret64 to i32
  ret i32 %ret32
}
